<?xml version="1.0"?>
<link_info>
   <banner>TI ARM Linker PC v16.9.4.LTS</banner>
   <copyright>Copyright (c) 1996-2017 Texas Instruments Incorporated</copyright>
   <link_time>0x650216b2</link_time>
   <link_errors>0x0</link_errors>
   <output_file>Autonomous_Car.out</output_file>
   <entry_point>
      <name>_c_int00</name>
      <address>0x4729</address>
   </entry_point>
   <input_file_list>
      <input_file id="fl-2">
         <path>.\</path>
         <kind>object</kind>
         <file>main.obj</file>
         <name>main.obj</name>
      </input_file>
      <input_file id="fl-3">
         <path>.\</path>
         <kind>object</kind>
         <file>tm4c123gh6pm_startup_ccs.obj</file>
         <name>tm4c123gh6pm_startup_ccs.obj</name>
      </input_file>
      <input_file id="fl-4">
         <path>.\APPLICATION\</path>
         <kind>object</kind>
         <file>app.obj</file>
         <name>app.obj</name>
      </input_file>
      <input_file id="fl-5">
         <path>.\HAL\LCD\</path>
         <kind>object</kind>
         <file>lcd.obj</file>
         <name>lcd.obj</name>
      </input_file>
      <input_file id="fl-6">
         <path>.\HAL\LDR\</path>
         <kind>object</kind>
         <file>ldr_sensor.obj</file>
         <name>ldr_sensor.obj</name>
      </input_file>
      <input_file id="fl-7">
         <path>.\HAL\MOTOR\</path>
         <kind>object</kind>
         <file>motor.obj</file>
         <name>motor.obj</name>
      </input_file>
      <input_file id="fl-8">
         <path>.\HAL\SWITCH\</path>
         <kind>object</kind>
         <file>switch.obj</file>
         <name>switch.obj</name>
      </input_file>
      <input_file id="fl-9">
         <path>.\HAL\TEMP_SENSOR\</path>
         <kind>object</kind>
         <file>temperture_sensor.obj</file>
         <name>temperture_sensor.obj</name>
      </input_file>
      <input_file id="fl-a">
         <path>.\HAL\ULTRASONIC\</path>
         <kind>object</kind>
         <file>ultrasonic_sensor.obj</file>
         <name>ultrasonic_sensor.obj</name>
      </input_file>
      <input_file id="fl-b">
         <path>.\MCAL\ADC\</path>
         <kind>object</kind>
         <file>adc.obj</file>
         <name>adc.obj</name>
      </input_file>
      <input_file id="fl-c">
         <path>.\MCAL\GPIO\</path>
         <kind>object</kind>
         <file>gpio.obj</file>
         <name>gpio.obj</name>
      </input_file>
      <input_file id="fl-d">
         <path>.\MCAL\SYSTICK\</path>
         <kind>object</kind>
         <file>systick.obj</file>
         <name>systick.obj</name>
      </input_file>
      <input_file id="fl-e">
         <path>.\MCAL\TIMER\</path>
         <kind>object</kind>
         <file>timer.obj</file>
         <name>timer.obj</name>
      </input_file>
      <input_file id="fl-f">
         <path>.\MCAL\</path>
         <kind>object</kind>
         <file>general_functions.obj</file>
         <name>general_functions.obj</name>
      </input_file>
      <input_file id="fl-10">
         <path>.\SCHEDULER\</path>
         <kind>object</kind>
         <file>scheduler.obj</file>
         <name>scheduler.obj</name>
      </input_file>
      <input_file id="fl-14">
         <kind>object</kind>
         <file>&lt;internal&gt;</file>
         <name>&lt;internal&gt;</name>
      </input_file>
      <input_file id="fl-ca">
         <path>C:\ti\ccsv7\tools\compiler\ti-cgt-arm_16.9.4.LTS\lib\</path>
         <kind>archive</kind>
         <file>rtsv7M4_T_le_v4SPD16_eabi.lib</file>
         <name>boot.obj</name>
      </input_file>
      <input_file id="fl-cb">
         <path>C:\ti\ccsv7\tools\compiler\ti-cgt-arm_16.9.4.LTS\lib\</path>
         <kind>archive</kind>
         <file>rtsv7M4_T_le_v4SPD16_eabi.lib</file>
         <name>copy_decompress_lzss.obj</name>
      </input_file>
      <input_file id="fl-cc">
         <path>C:\ti\ccsv7\tools\compiler\ti-cgt-arm_16.9.4.LTS\lib\</path>
         <kind>archive</kind>
         <file>rtsv7M4_T_le_v4SPD16_eabi.lib</file>
         <name>copy_decompress_none.obj</name>
      </input_file>
      <input_file id="fl-cd">
         <path>C:\ti\ccsv7\tools\compiler\ti-cgt-arm_16.9.4.LTS\lib\</path>
         <kind>archive</kind>
         <file>rtsv7M4_T_le_v4SPD16_eabi.lib</file>
         <name>copy_zero_init.obj</name>
      </input_file>
      <input_file id="fl-ce">
         <path>C:\ti\ccsv7\tools\compiler\ti-cgt-arm_16.9.4.LTS\lib\</path>
         <kind>archive</kind>
         <file>rtsv7M4_T_le_v4SPD16_eabi.lib</file>
         <name>exit.obj</name>
      </input_file>
      <input_file id="fl-cf">
         <path>C:\ti\ccsv7\tools\compiler\ti-cgt-arm_16.9.4.LTS\lib\</path>
         <kind>archive</kind>
         <file>rtsv7M4_T_le_v4SPD16_eabi.lib</file>
         <name>fd_div_t2.obj</name>
      </input_file>
      <input_file id="fl-d0">
         <path>C:\ti\ccsv7\tools\compiler\ti-cgt-arm_16.9.4.LTS\lib\</path>
         <kind>archive</kind>
         <file>rtsv7M4_T_le_v4SPD16_eabi.lib</file>
         <name>fd_mul_t2.obj</name>
      </input_file>
      <input_file id="fl-d1">
         <path>C:\ti\ccsv7\tools\compiler\ti-cgt-arm_16.9.4.LTS\lib\</path>
         <kind>archive</kind>
         <file>rtsv7M4_T_le_v4SPD16_eabi.lib</file>
         <name>fd_tou_t2.obj</name>
      </input_file>
      <input_file id="fl-d2">
         <path>C:\ti\ccsv7\tools\compiler\ti-cgt-arm_16.9.4.LTS\lib\</path>
         <kind>archive</kind>
         <file>rtsv7M4_T_le_v4SPD16_eabi.lib</file>
         <name>fs_tod_t2.obj</name>
      </input_file>
      <input_file id="fl-d3">
         <path>C:\ti\ccsv7\tools\compiler\ti-cgt-arm_16.9.4.LTS\lib\</path>
         <kind>archive</kind>
         <file>rtsv7M4_T_le_v4SPD16_eabi.lib</file>
         <name>ltoa.obj</name>
      </input_file>
      <input_file id="fl-d4">
         <path>C:\ti\ccsv7\tools\compiler\ti-cgt-arm_16.9.4.LTS\lib\</path>
         <kind>archive</kind>
         <file>rtsv7M4_T_le_v4SPD16_eabi.lib</file>
         <name>memcpy_t2.obj</name>
      </input_file>
      <input_file id="fl-d5">
         <path>C:\ti\ccsv7\tools\compiler\ti-cgt-arm_16.9.4.LTS\lib\</path>
         <kind>archive</kind>
         <file>rtsv7M4_T_le_v4SPD16_eabi.lib</file>
         <name>memset_t2.obj</name>
      </input_file>
      <input_file id="fl-d6">
         <path>C:\ti\ccsv7\tools\compiler\ti-cgt-arm_16.9.4.LTS\lib\</path>
         <kind>archive</kind>
         <file>rtsv7M4_T_le_v4SPD16_eabi.lib</file>
         <name>mpu_init.obj</name>
      </input_file>
      <input_file id="fl-d7">
         <path>C:\ti\ccsv7\tools\compiler\ti-cgt-arm_16.9.4.LTS\lib\</path>
         <kind>archive</kind>
         <file>rtsv7M4_T_le_v4SPD16_eabi.lib</file>
         <name>pre_init.obj</name>
      </input_file>
      <input_file id="fl-d8">
         <path>C:\ti\ccsv7\tools\compiler\ti-cgt-arm_16.9.4.LTS\lib\</path>
         <kind>archive</kind>
         <file>rtsv7M4_T_le_v4SPD16_eabi.lib</file>
         <name>stkdepth_vars.obj</name>
      </input_file>
      <input_file id="fl-d9">
         <path>C:\ti\ccsv7\tools\compiler\ti-cgt-arm_16.9.4.LTS\lib\</path>
         <kind>archive</kind>
         <file>rtsv7M4_T_le_v4SPD16_eabi.lib</file>
         <name>u_tofd_t2.obj</name>
      </input_file>
      <input_file id="fl-da">
         <path>C:\ti\ccsv7\tools\compiler\ti-cgt-arm_16.9.4.LTS\lib\</path>
         <kind>archive</kind>
         <file>rtsv7M4_T_le_v4SPD16_eabi.lib</file>
         <name>_lock.obj</name>
      </input_file>
      <input_file id="fl-db">
         <path>C:\ti\ccsv7\tools\compiler\ti-cgt-arm_16.9.4.LTS\lib\</path>
         <kind>archive</kind>
         <file>rtsv7M4_T_le_v4SPD16_eabi.lib</file>
         <name>args_main.obj</name>
      </input_file>
      <input_file id="fl-dc">
         <path>C:\ti\ccsv7\tools\compiler\ti-cgt-arm_16.9.4.LTS\lib\</path>
         <kind>archive</kind>
         <file>rtsv7M4_T_le_v4SPD16_eabi.lib</file>
         <name>autoinit.obj</name>
      </input_file>
      <input_file id="fl-dd">
         <path>C:\ti\ccsv7\tools\compiler\ti-cgt-arm_16.9.4.LTS\lib\</path>
         <kind>archive</kind>
         <file>rtsv7M4_T_le_v4SPD16_eabi.lib</file>
         <name>cpy_tbl.obj</name>
      </input_file>
      <input_file id="fl-de">
         <path>C:\ti\ccsv7\tools\compiler\ti-cgt-arm_16.9.4.LTS\lib\</path>
         <kind>archive</kind>
         <file>rtsv7M4_T_le_v4SPD16_eabi.lib</file>
         <name>startup.obj</name>
      </input_file>
   </input_file_list>
   <object_component_list>
      <object_component id="oc-f">
         <name>.intvecs</name>
         <load_address>0x0</load_address>
         <run_address>0x0</run_address>
         <size>0x26c</size>
         <input_file_ref idref="fl-3"/>
      </object_component>
      <object_component id="oc-164">
         <name>.text</name>
         <load_address>0x26c</load_address>
         <run_address>0x26c</run_address>
         <size>0x1f04</size>
         <input_file_ref idref="fl-e"/>
      </object_component>
      <object_component id="oc-15e">
         <name>.text</name>
         <load_address>0x2170</load_address>
         <run_address>0x2170</run_address>
         <size>0xec8</size>
         <input_file_ref idref="fl-c"/>
      </object_component>
      <object_component id="oc-17c">
         <name>.text</name>
         <load_address>0x3038</load_address>
         <run_address>0x3038</run_address>
         <size>0x420</size>
         <input_file_ref idref="fl-b"/>
      </object_component>
      <object_component id="oc-111">
         <name>.text</name>
         <load_address>0x3458</load_address>
         <run_address>0x3458</run_address>
         <size>0x31a</size>
         <input_file_ref idref="fl-5"/>
      </object_component>
      <object_component id="oc-57">
         <name>.text</name>
         <load_address>0x3772</load_address>
         <run_address>0x3772</run_address>
         <size>0x2</size>
         <input_file_ref idref="fl-d6"/>
      </object_component>
      <object_component id="oc-145">
         <name>.text</name>
         <load_address>0x3774</load_address>
         <run_address>0x3774</run_address>
         <size>0x310</size>
         <input_file_ref idref="fl-d"/>
      </object_component>
      <object_component id="oc-cb">
         <name>.text</name>
         <load_address>0x3a84</load_address>
         <run_address>0x3a84</run_address>
         <size>0x26c</size>
         <input_file_ref idref="fl-4"/>
      </object_component>
      <object_component id="oc-10b">
         <name>.text</name>
         <load_address>0x3cf0</load_address>
         <run_address>0x3cf0</run_address>
         <size>0x158</size>
         <input_file_ref idref="fl-a"/>
      </object_component>
      <object_component id="oc-f9">
         <name>.text</name>
         <load_address>0x3e48</load_address>
         <run_address>0x3e48</run_address>
         <size>0x138</size>
         <input_file_ref idref="fl-7"/>
      </object_component>
      <object_component id="oc-195">
         <name>.text</name>
         <load_address>0x3f80</load_address>
         <run_address>0x3f80</run_address>
         <size>0x136</size>
         <input_file_ref idref="fl-cf"/>
      </object_component>
      <object_component id="oc-190">
         <name>.text</name>
         <load_address>0x40b6</load_address>
         <run_address>0x40b6</run_address>
         <size>0xfc</size>
         <input_file_ref idref="fl-d0"/>
      </object_component>
      <object_component id="oc-9f">
         <name>.text</name>
         <load_address>0x41b2</load_address>
         <run_address>0x41b2</run_address>
         <size>0x2</size>
         <input_file_ref idref="fl-de"/>
      </object_component>
      <object_component id="oc-d1">
         <name>.text</name>
         <load_address>0x41b4</load_address>
         <run_address>0x41b4</run_address>
         <size>0xf8</size>
         <input_file_ref idref="fl-10"/>
      </object_component>
      <object_component id="oc-3f">
         <name>.text</name>
         <load_address>0x42ac</load_address>
         <run_address>0x42ac</run_address>
         <size>0x9c</size>
         <input_file_ref idref="fl-d4"/>
      </object_component>
      <object_component id="oc-105">
         <name>.text</name>
         <load_address>0x4348</load_address>
         <run_address>0x4348</run_address>
         <size>0x96</size>
         <input_file_ref idref="fl-9"/>
      </object_component>
      <object_component id="oc-ff">
         <name>.text</name>
         <load_address>0x43de</load_address>
         <run_address>0x43de</run_address>
         <size>0x8a</size>
         <input_file_ref idref="fl-6"/>
      </object_component>
      <object_component id="oc-117">
         <name>.text</name>
         <load_address>0x4468</load_address>
         <run_address>0x4468</run_address>
         <size>0x88</size>
         <input_file_ref idref="fl-8"/>
      </object_component>
      <object_component id="oc-11d">
         <name>.text</name>
         <load_address>0x44f0</load_address>
         <run_address>0x44f0</run_address>
         <size>0x7c</size>
         <input_file_ref idref="fl-f"/>
      </object_component>
      <object_component id="oc-4b">
         <name>.text</name>
         <load_address>0x456c</load_address>
         <run_address>0x456c</run_address>
         <size>0x7a</size>
         <input_file_ref idref="fl-d5"/>
      </object_component>
      <object_component id="oc-63">
         <name>.text</name>
         <load_address>0x45e8</load_address>
         <run_address>0x45e8</run_address>
         <size>0x70</size>
         <input_file_ref idref="fl-dc"/>
      </object_component>
      <object_component id="oc-12">
         <name>.text:decompress:lzss</name>
         <load_address>0x4658</load_address>
         <run_address>0x4658</run_address>
         <size>0x68</size>
         <input_file_ref idref="fl-cb"/>
      </object_component>
      <object_component id="oc-a7">
         <name>.text</name>
         <load_address>0x46c0</load_address>
         <run_address>0x46c0</run_address>
         <size>0x68</size>
         <input_file_ref idref="fl-2"/>
      </object_component>
      <object_component id="oc-24">
         <name>.text</name>
         <load_address>0x4728</load_address>
         <run_address>0x4728</run_address>
         <size>0x54</size>
         <input_file_ref idref="fl-ca"/>
      </object_component>
      <object_component id="oc-6f">
         <name>.text</name>
         <load_address>0x477c</load_address>
         <run_address>0x477c</run_address>
         <size>0x54</size>
         <input_file_ref idref="fl-ce"/>
      </object_component>
      <object_component id="oc-1a1">
         <name>.text</name>
         <load_address>0x47d0</load_address>
         <run_address>0x47d0</run_address>
         <size>0x54</size>
         <input_file_ref idref="fl-d3"/>
      </object_component>
      <object_component id="oc-99">
         <name>.text</name>
         <load_address>0x4824</load_address>
         <run_address>0x4824</run_address>
         <size>0x4c</size>
         <input_file_ref idref="fl-dd"/>
      </object_component>
      <object_component id="oc-19a">
         <name>.text</name>
         <load_address>0x4870</load_address>
         <run_address>0x4870</run_address>
         <size>0x44</size>
         <input_file_ref idref="fl-d1"/>
      </object_component>
      <object_component id="oc-1cd">
         <name>.text</name>
         <load_address>0x48b4</load_address>
         <run_address>0x48b4</run_address>
         <size>0x38</size>
         <input_file_ref idref="fl-d2"/>
      </object_component>
      <object_component id="oc-18b">
         <name>.text</name>
         <load_address>0x48ec</load_address>
         <run_address>0x48ec</run_address>
         <size>0x20</size>
         <input_file_ref idref="fl-d9"/>
      </object_component>
      <object_component id="oc-69">
         <name>.text</name>
         <load_address>0x490c</load_address>
         <run_address>0x490c</run_address>
         <size>0x18</size>
         <input_file_ref idref="fl-db"/>
      </object_component>
      <object_component id="oc-e1">
         <name>.text</name>
         <load_address>0x4924</load_address>
         <run_address>0x4924</run_address>
         <size>0x14</size>
         <input_file_ref idref="fl-da"/>
      </object_component>
      <object_component id="oc-18">
         <name>.text:decompress:none</name>
         <load_address>0x4938</load_address>
         <run_address>0x4938</run_address>
         <size>0xe</size>
         <input_file_ref idref="fl-cc"/>
      </object_component>
      <object_component id="oc-1e">
         <name>.text:decompress:ZI</name>
         <load_address>0x4946</load_address>
         <run_address>0x4946</run_address>
         <size>0xc</size>
         <input_file_ref idref="fl-cd"/>
      </object_component>
      <object_component id="oc-2b">
         <name>.text</name>
         <load_address>0x4952</load_address>
         <run_address>0x4952</run_address>
         <size>0xc</size>
         <input_file_ref idref="fl-3"/>
      </object_component>
      <object_component id="oc-5d">
         <name>.text</name>
         <load_address>0x495e</load_address>
         <run_address>0x495e</run_address>
         <size>0x4</size>
         <input_file_ref idref="fl-d7"/>
      </object_component>
      <object_component id="oc-16a">
         <name>.const:$P$T0$1</name>
         <load_address>0x4962</load_address>
         <run_address>0x4962</run_address>
         <size>0x5</size>
         <input_file_ref idref="fl-7"/>
      </object_component>
      <object_component id="oc-16d">
         <name>.const:$P$T1$2</name>
         <load_address>0x4967</load_address>
         <run_address>0x4967</run_address>
         <size>0x5</size>
         <input_file_ref idref="fl-7"/>
      </object_component>
      <object_component id="oc-23b">
         <name>.cinit..data.load</name>
         <load_address>0x4970</load_address>
         <run_address>0x4970</run_address>
         <size>0x41</size>
      </object_component>
      <object_component id="oc-239">
         <name>__TI_handler_table</name>
         <load_address>0x49b4</load_address>
         <run_address>0x49b4</run_address>
         <size>0xc</size>
      </object_component>
      <object_component id="oc-23c">
         <name>.cinit..bss.load</name>
         <load_address>0x49c0</load_address>
         <run_address>0x49c0</run_address>
         <size>0x8</size>
      </object_component>
      <object_component id="oc-23a">
         <name>__TI_cinit_table</name>
         <load_address>0x49c8</load_address>
         <run_address>0x49c8</run_address>
         <size>0x10</size>
      </object_component>
      <object_component id="oc-13c">
         <name>.data</name>
         <load_address>0x20000248</load_address>
         <run_address>0x20000248</run_address>
         <size>0xe</size>
         <input_file_ref idref="fl-4"/>
      </object_component>
      <object_component id="oc-135">
         <name>.data:start_switch</name>
         <load_address>0x2000026c</load_address>
         <run_address>0x2000026c</run_address>
         <size>0x8</size>
         <input_file_ref idref="fl-4"/>
      </object_component>
      <object_component id="oc-138">
         <name>.data:stop_switch</name>
         <load_address>0x20000274</load_address>
         <run_address>0x20000274</run_address>
         <size>0x8</size>
         <input_file_ref idref="fl-4"/>
      </object_component>
      <object_component id="oc-123">
         <name>.data:LEFT_SIDE</name>
         <load_address>0x20000299</load_address>
         <run_address>0x20000299</run_address>
         <size>0x5</size>
         <input_file_ref idref="fl-4"/>
      </object_component>
      <object_component id="oc-126">
         <name>.data:RIGHT_SIDE</name>
         <load_address>0x2000029e</load_address>
         <run_address>0x2000029e</run_address>
         <size>0x5</size>
         <input_file_ref idref="fl-4"/>
      </object_component>
      <object_component id="oc-129">
         <name>.data:LDR1</name>
         <load_address>0x20000284</load_address>
         <run_address>0x20000284</run_address>
         <size>0x7</size>
         <input_file_ref idref="fl-4"/>
      </object_component>
      <object_component id="oc-12c">
         <name>.data:LDR2</name>
         <load_address>0x2000028b</load_address>
         <run_address>0x2000028b</run_address>
         <size>0x7</size>
         <input_file_ref idref="fl-4"/>
      </object_component>
      <object_component id="oc-12f">
         <name>.data:TEMP_SENSOR</name>
         <load_address>0x20000292</load_address>
         <run_address>0x20000292</run_address>
         <size>0x7</size>
         <input_file_ref idref="fl-4"/>
      </object_component>
      <object_component id="oc-132">
         <name>.data:Ultrasonic_Sensor</name>
         <load_address>0x200002ac</load_address>
         <run_address>0x200002ac</run_address>
         <size>0x3</size>
         <input_file_ref idref="fl-4"/>
      </object_component>
      <object_component id="oc-1d5">
         <name>.data</name>
         <load_address>0x200002a8</load_address>
         <run_address>0x200002a8</run_address>
         <size>0x4</size>
         <input_file_ref idref="fl-d"/>
      </object_component>
      <object_component id="oc-14f">
         <name>.data:tasks</name>
         <load_address>0x20000200</load_address>
         <run_address>0x20000200</run_address>
         <size>0x48</size>
         <input_file_ref idref="fl-10"/>
      </object_component>
      <object_component id="oc-14b">
         <name>.data:systick1</name>
         <load_address>0x2000027c</load_address>
         <run_address>0x2000027c</run_address>
         <size>0x8</size>
         <input_file_ref idref="fl-10"/>
      </object_component>
      <object_component id="oc-14e">
         <name>.data</name>
         <load_address>0x20000256</load_address>
         <run_address>0x20000256</run_address>
         <size>0x1</size>
         <input_file_ref idref="fl-10"/>
      </object_component>
      <object_component id="oc-af">
         <name>.data:$O1$$</name>
         <load_address>0x20000258</load_address>
         <run_address>0x20000258</run_address>
         <size>0xc</size>
         <input_file_ref idref="fl-ce"/>
      </object_component>
      <object_component id="oc-75">
         <name>.data</name>
         <load_address>0x200002a4</load_address>
         <run_address>0x200002a4</run_address>
         <size>0x4</size>
         <input_file_ref idref="fl-d8"/>
      </object_component>
      <object_component id="oc-b2">
         <name>.data:$O1$$</name>
         <load_address>0x20000264</load_address>
         <run_address>0x20000264</run_address>
         <size>0x8</size>
         <input_file_ref idref="fl-da"/>
      </object_component>
      <object_component id="oc-13b">
         <name>.bss</name>
         <uninitialized>true</uninitialized>
         <run_address>0x200002bc</run_address>
         <size>0x2</size>
         <input_file_ref idref="fl-4"/>
      </object_component>
      <object_component id="oc-1d2">
         <name>.bss</name>
         <uninitialized>true</uninitialized>
         <run_address>0x200002be</run_address>
         <size>0x1</size>
         <input_file_ref idref="fl-d"/>
      </object_component>
      <object_component id="oc-152">
         <name>.common:tasks_time</name>
         <uninitialized>true</uninitialized>
         <run_address>0x200002b0</run_address>
         <size>0xc</size>
      </object_component>
      <object_component id="oc-2a">
         <name>.stack</name>
         <uninitialized>true</uninitialized>
         <run_address>0x20000000</run_address>
         <size>0x0</size>
         <input_file_ref idref="fl-ca"/>
      </object_component>
      <object_component id="oc-23d">
         <name>.stack</name>
         <uninitialized>true</uninitialized>
         <run_address>0x20000000</run_address>
         <size>0x0</size>
      </object_component>
      <object_component id="oc-20f">
         <name>.debug_info</name>
         <load_address>0x0</load_address>
         <run_address>0x0</run_address>
         <size>0x3c5</size>
         <input_file_ref idref="fl-2"/>
      </object_component>
      <object_component id="oc-a8">
         <name>.debug_info</name>
         <load_address>0x3c5</load_address>
         <run_address>0x3c5</run_address>
         <size>0x193</size>
         <input_file_ref idref="fl-2"/>
      </object_component>
      <object_component id="oc-140">
         <name>.debug_info</name>
         <load_address>0x558</load_address>
         <run_address>0x558</run_address>
         <size>0xd8</size>
         <input_file_ref idref="fl-2"/>
      </object_component>
      <object_component id="oc-1d9">
         <name>.debug_info</name>
         <load_address>0x630</load_address>
         <run_address>0x630</run_address>
         <size>0xed</size>
         <input_file_ref idref="fl-2"/>
      </object_component>
      <object_component id="oc-177">
         <name>.debug_info</name>
         <load_address>0x71d</load_address>
         <run_address>0x71d</run_address>
         <size>0xcc</size>
         <input_file_ref idref="fl-2"/>
      </object_component>
      <object_component id="oc-1eb">
         <name>.debug_info</name>
         <load_address>0x7e9</load_address>
         <run_address>0x7e9</run_address>
         <size>0xac</size>
         <input_file_ref idref="fl-2"/>
      </object_component>
      <object_component id="oc-184">
         <name>.debug_info</name>
         <load_address>0x895</load_address>
         <run_address>0x895</run_address>
         <size>0x204</size>
         <input_file_ref idref="fl-2"/>
      </object_component>
      <object_component id="oc-1b2">
         <name>.debug_info</name>
         <load_address>0xa99</load_address>
         <run_address>0xa99</run_address>
         <size>0xc2</size>
         <input_file_ref idref="fl-2"/>
      </object_component>
      <object_component id="oc-1c2">
         <name>.debug_info</name>
         <load_address>0xb5b</load_address>
         <run_address>0xb5b</run_address>
         <size>0x72</size>
         <input_file_ref idref="fl-2"/>
      </object_component>
      <object_component id="oc-1bb">
         <name>.debug_info</name>
         <load_address>0xbcd</load_address>
         <run_address>0xbcd</run_address>
         <size>0xc2</size>
         <input_file_ref idref="fl-2"/>
      </object_component>
      <object_component id="oc-1e5">
         <name>.debug_info</name>
         <load_address>0xc8f</load_address>
         <run_address>0xc8f</run_address>
         <size>0x72</size>
         <input_file_ref idref="fl-2"/>
      </object_component>
      <object_component id="oc-3a">
         <name>.debug_info</name>
         <load_address>0xd01</load_address>
         <run_address>0xd01</run_address>
         <size>0x84</size>
         <input_file_ref idref="fl-2"/>
      </object_component>
      <object_component id="oc-156">
         <name>.debug_info</name>
         <load_address>0xd85</load_address>
         <run_address>0xd85</run_address>
         <size>0xa1</size>
         <input_file_ref idref="fl-2"/>
      </object_component>
      <object_component id="oc-33">
         <name>.debug_info</name>
         <load_address>0xe26</load_address>
         <run_address>0xe26</run_address>
         <size>0x299</size>
         <input_file_ref idref="fl-3"/>
      </object_component>
      <object_component id="oc-10">
         <name>.debug_info</name>
         <load_address>0x10bf</load_address>
         <run_address>0x10bf</run_address>
         <size>0xea</size>
         <input_file_ref idref="fl-3"/>
      </object_component>
      <object_component id="oc-2c">
         <name>.debug_info</name>
         <load_address>0x11a9</load_address>
         <run_address>0x11a9</run_address>
         <size>0x266</size>
         <input_file_ref idref="fl-3"/>
      </object_component>
      <object_component id="oc-7c">
         <name>.debug_info</name>
         <load_address>0x140f</load_address>
         <run_address>0x140f</run_address>
         <size>0x18b</size>
         <input_file_ref idref="fl-3"/>
      </object_component>
      <object_component id="oc-13d">
         <name>.debug_info</name>
         <load_address>0x159a</load_address>
         <run_address>0x159a</run_address>
         <size>0x1d9</size>
         <input_file_ref idref="fl-4"/>
      </object_component>
      <object_component id="oc-136">
         <name>.debug_info</name>
         <load_address>0x1773</load_address>
         <run_address>0x1773</run_address>
         <size>0xe1</size>
         <input_file_ref idref="fl-4"/>
      </object_component>
      <object_component id="oc-139">
         <name>.debug_info</name>
         <load_address>0x1854</load_address>
         <run_address>0x1854</run_address>
         <size>0xdf</size>
         <input_file_ref idref="fl-4"/>
      </object_component>
      <object_component id="oc-124">
         <name>.debug_info</name>
         <load_address>0x1933</load_address>
         <run_address>0x1933</run_address>
         <size>0xdb</size>
         <input_file_ref idref="fl-4"/>
      </object_component>
      <object_component id="oc-127">
         <name>.debug_info</name>
         <load_address>0x1a0e</load_address>
         <run_address>0x1a0e</run_address>
         <size>0xdd</size>
         <input_file_ref idref="fl-4"/>
      </object_component>
      <object_component id="oc-12a">
         <name>.debug_info</name>
         <load_address>0x1aeb</load_address>
         <run_address>0x1aeb</run_address>
         <size>0xd1</size>
         <input_file_ref idref="fl-4"/>
      </object_component>
      <object_component id="oc-12d">
         <name>.debug_info</name>
         <load_address>0x1bbc</load_address>
         <run_address>0x1bbc</run_address>
         <size>0xd1</size>
         <input_file_ref idref="fl-4"/>
      </object_component>
      <object_component id="oc-130">
         <name>.debug_info</name>
         <load_address>0x1c8d</load_address>
         <run_address>0x1c8d</run_address>
         <size>0xdf</size>
         <input_file_ref idref="fl-4"/>
      </object_component>
      <object_component id="oc-133">
         <name>.debug_info</name>
         <load_address>0x1d6c</load_address>
         <run_address>0x1d6c</run_address>
         <size>0xeb</size>
         <input_file_ref idref="fl-4"/>
      </object_component>
      <object_component id="oc-cc">
         <name>.debug_info</name>
         <load_address>0x1e57</load_address>
         <run_address>0x1e57</run_address>
         <size>0xa65</size>
         <input_file_ref idref="fl-4"/>
      </object_component>
      <object_component id="oc-1a8">
         <name>.debug_info</name>
         <load_address>0x28bc</load_address>
         <run_address>0x28bc</run_address>
         <size>0x354</size>
         <input_file_ref idref="fl-5"/>
      </object_component>
      <object_component id="oc-112">
         <name>.debug_info</name>
         <load_address>0x2c10</load_address>
         <run_address>0x2c10</run_address>
         <size>0x9e0</size>
         <input_file_ref idref="fl-5"/>
      </object_component>
      <object_component id="oc-183">
         <name>.debug_info</name>
         <load_address>0x35f0</load_address>
         <run_address>0x35f0</run_address>
         <size>0x301</size>
         <input_file_ref idref="fl-6"/>
      </object_component>
      <object_component id="oc-100">
         <name>.debug_info</name>
         <load_address>0x38f1</load_address>
         <run_address>0x38f1</run_address>
         <size>0x24a</size>
         <input_file_ref idref="fl-6"/>
      </object_component>
      <object_component id="oc-171">
         <name>.debug_info</name>
         <load_address>0x3b3b</load_address>
         <run_address>0x3b3b</run_address>
         <size>0x39c</size>
         <input_file_ref idref="fl-7"/>
      </object_component>
      <object_component id="oc-16b">
         <name>.debug_info</name>
         <load_address>0x3ed7</load_address>
         <run_address>0x3ed7</run_address>
         <size>0xd6</size>
         <input_file_ref idref="fl-7"/>
      </object_component>
      <object_component id="oc-16e">
         <name>.debug_info</name>
         <load_address>0x3fad</load_address>
         <run_address>0x3fad</run_address>
         <size>0xd6</size>
         <input_file_ref idref="fl-7"/>
      </object_component>
      <object_component id="oc-fb">
         <name>.debug_info</name>
         <load_address>0x4083</load_address>
         <run_address>0x4083</run_address>
         <size>0x3b4</size>
         <input_file_ref idref="fl-7"/>
      </object_component>
      <object_component id="oc-172">
         <name>.debug_info</name>
         <load_address>0x4437</load_address>
         <run_address>0x4437</run_address>
         <size>0x1c1</size>
         <input_file_ref idref="fl-7"/>
      </object_component>
      <object_component id="oc-1aa">
         <name>.debug_info</name>
         <load_address>0x45f8</load_address>
         <run_address>0x45f8</run_address>
         <size>0x2c3</size>
         <input_file_ref idref="fl-8"/>
      </object_component>
      <object_component id="oc-11a">
         <name>.debug_info</name>
         <load_address>0x48bb</load_address>
         <run_address>0x48bb</run_address>
         <size>0x24d</size>
         <input_file_ref idref="fl-8"/>
      </object_component>
      <object_component id="oc-18a">
         <name>.debug_info</name>
         <load_address>0x4b08</load_address>
         <run_address>0x4b08</run_address>
         <size>0x310</size>
         <input_file_ref idref="fl-9"/>
      </object_component>
      <object_component id="oc-107">
         <name>.debug_info</name>
         <load_address>0x4e18</load_address>
         <run_address>0x4e18</run_address>
         <size>0x2f9</size>
         <input_file_ref idref="fl-9"/>
      </object_component>
      <object_component id="oc-1a0">
         <name>.debug_info</name>
         <load_address>0x5111</load_address>
         <run_address>0x5111</run_address>
         <size>0x362</size>
         <input_file_ref idref="fl-a"/>
      </object_component>
      <object_component id="oc-10e">
         <name>.debug_info</name>
         <load_address>0x5473</load_address>
         <run_address>0x5473</run_address>
         <size>0x3bb</size>
         <input_file_ref idref="fl-a"/>
      </object_component>
      <object_component id="oc-1f9">
         <name>.debug_info</name>
         <load_address>0x582e</load_address>
         <run_address>0x582e</run_address>
         <size>0x2a3</size>
         <input_file_ref idref="fl-b"/>
      </object_component>
      <object_component id="oc-17e">
         <name>.debug_info</name>
         <load_address>0x5ad1</load_address>
         <run_address>0x5ad1</run_address>
         <size>0x230</size>
         <input_file_ref idref="fl-b"/>
      </object_component>
      <object_component id="oc-15f">
         <name>.debug_info</name>
         <load_address>0x5d01</load_address>
         <run_address>0x5d01</run_address>
         <size>0x4c6</size>
         <input_file_ref idref="fl-c"/>
      </object_component>
      <object_component id="oc-1de">
         <name>.debug_info</name>
         <load_address>0x61c7</load_address>
         <run_address>0x61c7</run_address>
         <size>0x265</size>
         <input_file_ref idref="fl-d"/>
      </object_component>
      <object_component id="oc-1d6">
         <name>.debug_info</name>
         <load_address>0x642c</load_address>
         <run_address>0x642c</run_address>
         <size>0xdb</size>
         <input_file_ref idref="fl-d"/>
      </object_component>
      <object_component id="oc-1d3">
         <name>.debug_info</name>
         <load_address>0x6507</load_address>
         <run_address>0x6507</run_address>
         <size>0xeb</size>
         <input_file_ref idref="fl-d"/>
      </object_component>
      <object_component id="oc-148">
         <name>.debug_info</name>
         <load_address>0x65f2</load_address>
         <run_address>0x65f2</run_address>
         <size>0x725</size>
         <input_file_ref idref="fl-d"/>
      </object_component>
      <object_component id="oc-1f1">
         <name>.debug_info</name>
         <load_address>0x6d17</load_address>
         <run_address>0x6d17</run_address>
         <size>0x2ac</size>
         <input_file_ref idref="fl-e"/>
      </object_component>
      <object_component id="oc-166">
         <name>.debug_info</name>
         <load_address>0x6fc3</load_address>
         <run_address>0x6fc3</run_address>
         <size>0x1047</size>
         <input_file_ref idref="fl-e"/>
      </object_component>
      <object_component id="oc-11e">
         <name>.debug_info</name>
         <load_address>0x800a</load_address>
         <run_address>0x800a</run_address>
         <size>0x217</size>
         <input_file_ref idref="fl-f"/>
      </object_component>
      <object_component id="oc-153">
         <name>.debug_info</name>
         <load_address>0x8221</load_address>
         <run_address>0x8221</run_address>
         <size>0x328</size>
         <input_file_ref idref="fl-10"/>
      </object_component>
      <object_component id="oc-150">
         <name>.debug_info</name>
         <load_address>0x8549</load_address>
         <run_address>0x8549</run_address>
         <size>0xd7</size>
         <input_file_ref idref="fl-10"/>
      </object_component>
      <object_component id="oc-14c">
         <name>.debug_info</name>
         <load_address>0x8620</load_address>
         <run_address>0x8620</run_address>
         <size>0xdc</size>
         <input_file_ref idref="fl-10"/>
      </object_component>
      <object_component id="oc-d4">
         <name>.debug_info</name>
         <load_address>0x86fc</load_address>
         <run_address>0x86fc</run_address>
         <size>0x36a</size>
         <input_file_ref idref="fl-10"/>
      </object_component>
      <object_component id="oc-27">
         <name>.debug_info</name>
         <load_address>0x8a66</load_address>
         <run_address>0x8a66</run_address>
         <size>0x160</size>
         <input_file_ref idref="fl-ca"/>
      </object_component>
      <object_component id="oc-86">
         <name>.debug_info</name>
         <load_address>0x8bc6</load_address>
         <run_address>0x8bc6</run_address>
         <size>0x293</size>
         <input_file_ref idref="fl-cb"/>
      </object_component>
      <object_component id="oc-13">
         <name>.debug_info</name>
         <load_address>0x8e59</load_address>
         <run_address>0x8e59</run_address>
         <size>0x245</size>
         <input_file_ref idref="fl-cb"/>
      </object_component>
      <object_component id="oc-35">
         <name>.debug_info</name>
         <load_address>0x909e</load_address>
         <run_address>0x909e</run_address>
         <size>0x60</size>
         <input_file_ref idref="fl-cb"/>
      </object_component>
      <object_component id="oc-81">
         <name>.debug_info</name>
         <load_address>0x90fe</load_address>
         <run_address>0x90fe</run_address>
         <size>0x46</size>
         <input_file_ref idref="fl-cb"/>
      </object_component>
      <object_component id="oc-4a">
         <name>.debug_info</name>
         <load_address>0x9144</load_address>
         <run_address>0x9144</run_address>
         <size>0x2da</size>
         <input_file_ref idref="fl-cc"/>
      </object_component>
      <object_component id="oc-1a">
         <name>.debug_info</name>
         <load_address>0x941e</load_address>
         <run_address>0x941e</run_address>
         <size>0x1df</size>
         <input_file_ref idref="fl-cc"/>
      </object_component>
      <object_component id="oc-45">
         <name>.debug_info</name>
         <load_address>0x95fd</load_address>
         <run_address>0x95fd</run_address>
         <size>0x46</size>
         <input_file_ref idref="fl-cc"/>
      </object_component>
      <object_component id="oc-88">
         <name>.debug_info</name>
         <load_address>0x9643</load_address>
         <run_address>0x9643</run_address>
         <size>0x2c</size>
         <input_file_ref idref="fl-cc"/>
      </object_component>
      <object_component id="oc-56">
         <name>.debug_info</name>
         <load_address>0x966f</load_address>
         <run_address>0x966f</run_address>
         <size>0x2c9</size>
         <input_file_ref idref="fl-cd"/>
      </object_component>
      <object_component id="oc-1f">
         <name>.debug_info</name>
         <load_address>0x9938</load_address>
         <run_address>0x9938</run_address>
         <size>0x1aa</size>
         <input_file_ref idref="fl-cd"/>
      </object_component>
      <object_component id="oc-51">
         <name>.debug_info</name>
         <load_address>0x9ae2</load_address>
         <run_address>0x9ae2</run_address>
         <size>0x46</size>
         <input_file_ref idref="fl-cd"/>
      </object_component>
      <object_component id="oc-90">
         <name>.debug_info</name>
         <load_address>0x9b28</load_address>
         <run_address>0x9b28</run_address>
         <size>0x2c</size>
         <input_file_ref idref="fl-cd"/>
      </object_component>
      <object_component id="oc-b6">
         <name>.debug_info</name>
         <load_address>0x9b54</load_address>
         <run_address>0x9b54</run_address>
         <size>0x3ce</size>
         <input_file_ref idref="fl-ce"/>
      </object_component>
      <object_component id="oc-b0">
         <name>.debug_info</name>
         <load_address>0x9f22</load_address>
         <run_address>0x9f22</run_address>
         <size>0x185</size>
         <input_file_ref idref="fl-ce"/>
      </object_component>
      <object_component id="oc-73">
         <name>.debug_info</name>
         <load_address>0xa0a7</load_address>
         <run_address>0xa0a7</run_address>
         <size>0x214</size>
         <input_file_ref idref="fl-ce"/>
      </object_component>
      <object_component id="oc-198">
         <name>.debug_info</name>
         <load_address>0xa2bb</load_address>
         <run_address>0xa2bb</run_address>
         <size>0x132</size>
         <input_file_ref idref="fl-cf"/>
      </object_component>
      <object_component id="oc-192">
         <name>.debug_info</name>
         <load_address>0xa3ed</load_address>
         <run_address>0xa3ed</run_address>
         <size>0x132</size>
         <input_file_ref idref="fl-d0"/>
      </object_component>
      <object_component id="oc-19d">
         <name>.debug_info</name>
         <load_address>0xa51f</load_address>
         <run_address>0xa51f</run_address>
         <size>0x131</size>
         <input_file_ref idref="fl-d1"/>
      </object_component>
      <object_component id="oc-1ce">
         <name>.debug_info</name>
         <load_address>0xa650</load_address>
         <run_address>0xa650</run_address>
         <size>0x124</size>
         <input_file_ref idref="fl-d2"/>
      </object_component>
      <object_component id="oc-205">
         <name>.debug_info</name>
         <load_address>0xa774</load_address>
         <run_address>0xa774</run_address>
         <size>0x2e6</size>
         <input_file_ref idref="fl-d3"/>
      </object_component>
      <object_component id="oc-1a5">
         <name>.debug_info</name>
         <load_address>0xaa5a</load_address>
         <run_address>0xaa5a</run_address>
         <size>0x1c2</size>
         <input_file_ref idref="fl-d3"/>
      </object_component>
      <object_component id="oc-41">
         <name>.debug_info</name>
         <load_address>0xac1c</load_address>
         <run_address>0xac1c</run_address>
         <size>0x111</size>
         <input_file_ref idref="fl-d4"/>
      </object_component>
      <object_component id="oc-4d">
         <name>.debug_info</name>
         <load_address>0xad2d</load_address>
         <run_address>0xad2d</run_address>
         <size>0x13f</size>
         <input_file_ref idref="fl-d5"/>
      </object_component>
      <object_component id="oc-59">
         <name>.debug_info</name>
         <load_address>0xae6c</load_address>
         <run_address>0xae6c</run_address>
         <size>0x138</size>
         <input_file_ref idref="fl-d6"/>
      </object_component>
      <object_component id="oc-5e">
         <name>.debug_info</name>
         <load_address>0xafa4</load_address>
         <run_address>0xafa4</run_address>
         <size>0x148</size>
         <input_file_ref idref="fl-d7"/>
      </object_component>
      <object_component id="oc-76">
         <name>.debug_info</name>
         <load_address>0xb0ec</load_address>
         <run_address>0xb0ec</run_address>
         <size>0x109</size>
         <input_file_ref idref="fl-d8"/>
      </object_component>
      <object_component id="oc-18c">
         <name>.debug_info</name>
         <load_address>0xb1f5</load_address>
         <run_address>0xb1f5</run_address>
         <size>0x126</size>
         <input_file_ref idref="fl-d9"/>
      </object_component>
      <object_component id="oc-e9">
         <name>.debug_info</name>
         <load_address>0xb31b</load_address>
         <run_address>0xb31b</run_address>
         <size>0x2be</size>
         <input_file_ref idref="fl-da"/>
      </object_component>
      <object_component id="oc-b3">
         <name>.debug_info</name>
         <load_address>0xb5d9</load_address>
         <run_address>0xb5d9</run_address>
         <size>0x113</size>
         <input_file_ref idref="fl-da"/>
      </object_component>
      <object_component id="oc-e5">
         <name>.debug_info</name>
         <load_address>0xb6ec</load_address>
         <run_address>0xb6ec</run_address>
         <size>0x21f</size>
         <input_file_ref idref="fl-da"/>
      </object_component>
      <object_component id="oc-ae">
         <name>.debug_info</name>
         <load_address>0xb90b</load_address>
         <run_address>0xb90b</run_address>
         <size>0x300</size>
         <input_file_ref idref="fl-db"/>
      </object_component>
      <object_component id="oc-6a">
         <name>.debug_info</name>
         <load_address>0xbc0b</load_address>
         <run_address>0xbc0b</run_address>
         <size>0x167</size>
         <input_file_ref idref="fl-db"/>
      </object_component>
      <object_component id="oc-da">
         <name>.debug_info</name>
         <load_address>0xbd72</load_address>
         <run_address>0xbd72</run_address>
         <size>0x5e</size>
         <input_file_ref idref="fl-db"/>
      </object_component>
      <object_component id="oc-a6">
         <name>.debug_info</name>
         <load_address>0xbdd0</load_address>
         <run_address>0xbdd0</run_address>
         <size>0x483</size>
         <input_file_ref idref="fl-dc"/>
      </object_component>
      <object_component id="oc-64">
         <name>.debug_info</name>
         <load_address>0xc253</load_address>
         <run_address>0xc253</run_address>
         <size>0x190</size>
         <input_file_ref idref="fl-dc"/>
      </object_component>
      <object_component id="oc-c1">
         <name>.debug_info</name>
         <load_address>0xc3e3</load_address>
         <run_address>0xc3e3</run_address>
         <size>0x39</size>
         <input_file_ref idref="fl-dc"/>
      </object_component>
      <object_component id="oc-f4">
         <name>.debug_info</name>
         <load_address>0xc41c</load_address>
         <run_address>0xc41c</run_address>
         <size>0x39</size>
         <input_file_ref idref="fl-dc"/>
      </object_component>
      <object_component id="oc-c6">
         <name>.debug_info</name>
         <load_address>0xc455</load_address>
         <run_address>0xc455</run_address>
         <size>0xcd</size>
         <input_file_ref idref="fl-dc"/>
      </object_component>
      <object_component id="oc-bd">
         <name>.debug_info</name>
         <load_address>0xc522</load_address>
         <run_address>0xc522</run_address>
         <size>0x37a</size>
         <input_file_ref idref="fl-dd"/>
      </object_component>
      <object_component id="oc-9a">
         <name>.debug_info</name>
         <load_address>0xc89c</load_address>
         <run_address>0xc89c</run_address>
         <size>0x183</size>
         <input_file_ref idref="fl-dd"/>
      </object_component>
      <object_component id="oc-ef">
         <name>.debug_info</name>
         <load_address>0xca1f</load_address>
         <run_address>0xca1f</run_address>
         <size>0x2c</size>
         <input_file_ref idref="fl-dd"/>
      </object_component>
      <object_component id="oc-a0">
         <name>.debug_info</name>
         <load_address>0xca4b</load_address>
         <run_address>0xca4b</run_address>
         <size>0x145</size>
         <input_file_ref idref="fl-de"/>
      </object_component>
      <object_component id="oc-23e">
         <name>.debug_info</name>
         <load_address>0xcb90</load_address>
         <run_address>0xcb90</run_address>
         <size>0xa0</size>
      </object_component>
      <object_component id="oc-219">
         <name>.debug_line</name>
         <load_address>0x0</load_address>
         <run_address>0x0</run_address>
         <size>0x63</size>
         <input_file_ref idref="fl-2"/>
      </object_component>
      <object_component id="oc-ac">
         <name>.debug_line</name>
         <load_address>0x63</load_address>
         <run_address>0x63</run_address>
         <size>0x4c</size>
         <input_file_ref idref="fl-2"/>
      </object_component>
      <object_component id="oc-143">
         <name>.debug_line</name>
         <load_address>0xaf</load_address>
         <run_address>0xaf</run_address>
         <size>0x49</size>
         <input_file_ref idref="fl-2"/>
      </object_component>
      <object_component id="oc-1dc">
         <name>.debug_line</name>
         <load_address>0xf8</load_address>
         <run_address>0xf8</run_address>
         <size>0x4c</size>
         <input_file_ref idref="fl-2"/>
      </object_component>
      <object_component id="oc-17a">
         <name>.debug_line</name>
         <load_address>0x144</load_address>
         <run_address>0x144</run_address>
         <size>0x47</size>
         <input_file_ref idref="fl-2"/>
      </object_component>
      <object_component id="oc-1ee">
         <name>.debug_line</name>
         <load_address>0x18b</load_address>
         <run_address>0x18b</run_address>
         <size>0x46</size>
         <input_file_ref idref="fl-2"/>
      </object_component>
      <object_component id="oc-187">
         <name>.debug_line</name>
         <load_address>0x1d1</load_address>
         <run_address>0x1d1</run_address>
         <size>0x52</size>
         <input_file_ref idref="fl-2"/>
      </object_component>
      <object_component id="oc-1b5">
         <name>.debug_line</name>
         <load_address>0x223</load_address>
         <run_address>0x223</run_address>
         <size>0x4a</size>
         <input_file_ref idref="fl-2"/>
      </object_component>
      <object_component id="oc-1c5">
         <name>.debug_line</name>
         <load_address>0x26d</load_address>
         <run_address>0x26d</run_address>
         <size>0x58</size>
         <input_file_ref idref="fl-2"/>
      </object_component>
      <object_component id="oc-1be">
         <name>.debug_line</name>
         <load_address>0x2c5</load_address>
         <run_address>0x2c5</run_address>
         <size>0x59</size>
         <input_file_ref idref="fl-2"/>
      </object_component>
      <object_component id="oc-1e8">
         <name>.debug_line</name>
         <load_address>0x31e</load_address>
         <run_address>0x31e</run_address>
         <size>0x4b</size>
         <input_file_ref idref="fl-2"/>
      </object_component>
      <object_component id="oc-3d">
         <name>.debug_line</name>
         <load_address>0x369</load_address>
         <run_address>0x369</run_address>
         <size>0x20</size>
         <input_file_ref idref="fl-2"/>
      </object_component>
      <object_component id="oc-159">
         <name>.debug_line</name>
         <load_address>0x389</load_address>
         <run_address>0x389</run_address>
         <size>0x45</size>
         <input_file_ref idref="fl-2"/>
      </object_component>
      <object_component id="oc-7b">
         <name>.debug_line</name>
         <load_address>0x3ce</load_address>
         <run_address>0x3ce</run_address>
         <size>0x41</size>
         <input_file_ref idref="fl-3"/>
      </object_component>
      <object_component id="oc-32">
         <name>.debug_line</name>
         <load_address>0x40f</load_address>
         <run_address>0x40f</run_address>
         <size>0x41</size>
         <input_file_ref idref="fl-3"/>
      </object_component>
      <object_component id="oc-2f">
         <name>.debug_line</name>
         <load_address>0x450</load_address>
         <run_address>0x450</run_address>
         <size>0xa1</size>
         <input_file_ref idref="fl-3"/>
      </object_component>
      <object_component id="oc-7f">
         <name>.debug_line</name>
         <load_address>0x4f1</load_address>
         <run_address>0x4f1</run_address>
         <size>0x65</size>
         <input_file_ref idref="fl-3"/>
      </object_component>
      <object_component id="oc-1cc">
         <name>.debug_line</name>
         <load_address>0x556</load_address>
         <run_address>0x556</run_address>
         <size>0x38</size>
         <input_file_ref idref="fl-4"/>
      </object_component>
      <object_component id="oc-1c8">
         <name>.debug_line</name>
         <load_address>0x58e</load_address>
         <run_address>0x58e</run_address>
         <size>0x38</size>
         <input_file_ref idref="fl-4"/>
      </object_component>
      <object_component id="oc-1ca">
         <name>.debug_line</name>
         <load_address>0x5c6</load_address>
         <run_address>0x5c6</run_address>
         <size>0x38</size>
         <input_file_ref idref="fl-4"/>
      </object_component>
      <object_component id="oc-1ad">
         <name>.debug_line</name>
         <load_address>0x5fe</load_address>
         <run_address>0x5fe</run_address>
         <size>0x38</size>
         <input_file_ref idref="fl-4"/>
      </object_component>
      <object_component id="oc-1af">
         <name>.debug_line</name>
         <load_address>0x636</load_address>
         <run_address>0x636</run_address>
         <size>0x38</size>
         <input_file_ref idref="fl-4"/>
      </object_component>
      <object_component id="oc-1b1">
         <name>.debug_line</name>
         <load_address>0x66e</load_address>
         <run_address>0x66e</run_address>
         <size>0x38</size>
         <input_file_ref idref="fl-4"/>
      </object_component>
      <object_component id="oc-1b8">
         <name>.debug_line</name>
         <load_address>0x6a6</load_address>
         <run_address>0x6a6</run_address>
         <size>0x38</size>
         <input_file_ref idref="fl-4"/>
      </object_component>
      <object_component id="oc-1ba">
         <name>.debug_line</name>
         <load_address>0x6de</load_address>
         <run_address>0x6de</run_address>
         <size>0x38</size>
         <input_file_ref idref="fl-4"/>
      </object_component>
      <object_component id="oc-1c1">
         <name>.debug_line</name>
         <load_address>0x716</load_address>
         <run_address>0x716</run_address>
         <size>0x38</size>
         <input_file_ref idref="fl-4"/>
      </object_component>
      <object_component id="oc-cf">
         <name>.debug_line</name>
         <load_address>0x74e</load_address>
         <run_address>0x74e</run_address>
         <size>0x1d8</size>
         <input_file_ref idref="fl-4"/>
      </object_component>
      <object_component id="oc-207">
         <name>.debug_line</name>
         <load_address>0x926</load_address>
         <run_address>0x926</run_address>
         <size>0xb7</size>
         <input_file_ref idref="fl-5"/>
      </object_component>
      <object_component id="oc-115">
         <name>.debug_line</name>
         <load_address>0x9dd</load_address>
         <run_address>0x9dd</run_address>
         <size>0x183</size>
         <input_file_ref idref="fl-5"/>
      </object_component>
      <object_component id="oc-1fb">
         <name>.debug_line</name>
         <load_address>0xb60</load_address>
         <run_address>0xb60</run_address>
         <size>0x43</size>
         <input_file_ref idref="fl-6"/>
      </object_component>
      <object_component id="oc-103">
         <name>.debug_line</name>
         <load_address>0xba3</load_address>
         <run_address>0xba3</run_address>
         <size>0x78</size>
         <input_file_ref idref="fl-6"/>
      </object_component>
      <object_component id="oc-1f7">
         <name>.debug_line</name>
         <load_address>0xc1b</load_address>
         <run_address>0xc1b</run_address>
         <size>0x70</size>
         <input_file_ref idref="fl-7"/>
      </object_component>
      <object_component id="oc-1f3">
         <name>.debug_line</name>
         <load_address>0xc8b</load_address>
         <run_address>0xc8b</run_address>
         <size>0x38</size>
         <input_file_ref idref="fl-7"/>
      </object_component>
      <object_component id="oc-1f5">
         <name>.debug_line</name>
         <load_address>0xcc3</load_address>
         <run_address>0xcc3</run_address>
         <size>0x38</size>
         <input_file_ref idref="fl-7"/>
      </object_component>
      <object_component id="oc-fe">
         <name>.debug_line</name>
         <load_address>0xcfb</load_address>
         <run_address>0xcfb</run_address>
         <size>0x88</size>
         <input_file_ref idref="fl-7"/>
      </object_component>
      <object_component id="oc-175">
         <name>.debug_line</name>
         <load_address>0xd83</load_address>
         <run_address>0xd83</run_address>
         <size>0x49</size>
         <input_file_ref idref="fl-7"/>
      </object_component>
      <object_component id="oc-209">
         <name>.debug_line</name>
         <load_address>0xdcc</load_address>
         <run_address>0xdcc</run_address>
         <size>0x48</size>
         <input_file_ref idref="fl-8"/>
      </object_component>
      <object_component id="oc-119">
         <name>.debug_line</name>
         <load_address>0xe14</load_address>
         <run_address>0xe14</run_address>
         <size>0x96</size>
         <input_file_ref idref="fl-8"/>
      </object_component>
      <object_component id="oc-1fd">
         <name>.debug_line</name>
         <load_address>0xeaa</load_address>
         <run_address>0xeaa</run_address>
         <size>0x4b</size>
         <input_file_ref idref="fl-9"/>
      </object_component>
      <object_component id="oc-10a">
         <name>.debug_line</name>
         <load_address>0xef5</load_address>
         <run_address>0xef5</run_address>
         <size>0x8d</size>
         <input_file_ref idref="fl-9"/>
      </object_component>
      <object_component id="oc-203">
         <name>.debug_line</name>
         <load_address>0xf82</load_address>
         <run_address>0xf82</run_address>
         <size>0x80</size>
         <input_file_ref idref="fl-a"/>
      </object_component>
      <object_component id="oc-110">
         <name>.debug_line</name>
         <load_address>0x1002</load_address>
         <run_address>0x1002</run_address>
         <size>0xaa</size>
         <input_file_ref idref="fl-a"/>
      </object_component>
      <object_component id="oc-215">
         <name>.debug_line</name>
         <load_address>0x10ac</load_address>
         <run_address>0x10ac</run_address>
         <size>0x46</size>
         <input_file_ref idref="fl-b"/>
      </object_component>
      <object_component id="oc-181">
         <name>.debug_line</name>
         <load_address>0x10f2</load_address>
         <run_address>0x10f2</run_address>
         <size>0x19f</size>
         <input_file_ref idref="fl-b"/>
      </object_component>
      <object_component id="oc-163">
         <name>.debug_line</name>
         <load_address>0x1291</load_address>
         <run_address>0x1291</run_address>
         <size>0x4f5</size>
         <input_file_ref idref="fl-c"/>
      </object_component>
      <object_component id="oc-211">
         <name>.debug_line</name>
         <load_address>0x1786</load_address>
         <run_address>0x1786</run_address>
         <size>0x20</size>
         <input_file_ref idref="fl-d"/>
      </object_component>
      <object_component id="oc-20e">
         <name>.debug_line</name>
         <load_address>0x17a6</load_address>
         <run_address>0x17a6</run_address>
         <size>0x3d</size>
         <input_file_ref idref="fl-d"/>
      </object_component>
      <object_component id="oc-20c">
         <name>.debug_line</name>
         <load_address>0x17e3</load_address>
         <run_address>0x17e3</run_address>
         <size>0x3d</size>
         <input_file_ref idref="fl-d"/>
      </object_component>
      <object_component id="oc-14a">
         <name>.debug_line</name>
         <load_address>0x1820</load_address>
         <run_address>0x1820</run_address>
         <size>0x17a</size>
         <input_file_ref idref="fl-d"/>
      </object_component>
      <object_component id="oc-213">
         <name>.debug_line</name>
         <load_address>0x199a</load_address>
         <run_address>0x199a</run_address>
         <size>0x48</size>
         <input_file_ref idref="fl-e"/>
      </object_component>
      <object_component id="oc-165">
         <name>.debug_line</name>
         <load_address>0x19e2</load_address>
         <run_address>0x19e2</run_address>
         <size>0x9a6</size>
         <input_file_ref idref="fl-e"/>
      </object_component>
      <object_component id="oc-121">
         <name>.debug_line</name>
         <load_address>0x2388</load_address>
         <run_address>0x2388</run_address>
         <size>0x98</size>
         <input_file_ref idref="fl-f"/>
      </object_component>
      <object_component id="oc-1e4">
         <name>.debug_line</name>
         <load_address>0x2420</load_address>
         <run_address>0x2420</run_address>
         <size>0x7a</size>
         <input_file_ref idref="fl-10"/>
      </object_component>
      <object_component id="oc-1e2">
         <name>.debug_line</name>
         <load_address>0x249a</load_address>
         <run_address>0x249a</run_address>
         <size>0x3c</size>
         <input_file_ref idref="fl-10"/>
      </object_component>
      <object_component id="oc-1e0">
         <name>.debug_line</name>
         <load_address>0x24d6</load_address>
         <run_address>0x24d6</run_address>
         <size>0x3c</size>
         <input_file_ref idref="fl-10"/>
      </object_component>
      <object_component id="oc-d3">
         <name>.debug_line</name>
         <load_address>0x2512</load_address>
         <run_address>0x2512</run_address>
         <size>0xb8</size>
         <input_file_ref idref="fl-10"/>
      </object_component>
      <object_component id="oc-25">
         <name>.debug_line</name>
         <load_address>0x25ca</load_address>
         <run_address>0x25ca</run_address>
         <size>0x53</size>
         <input_file_ref idref="fl-ca"/>
      </object_component>
      <object_component id="oc-bb">
         <name>.debug_line</name>
         <load_address>0x261d</load_address>
         <run_address>0x261d</run_address>
         <size>0x20</size>
         <input_file_ref idref="fl-cb"/>
      </object_component>
      <object_component id="oc-17">
         <name>.debug_line</name>
         <load_address>0x263d</load_address>
         <run_address>0x263d</run_address>
         <size>0xa9</size>
         <input_file_ref idref="fl-cb"/>
      </object_component>
      <object_component id="oc-38">
         <name>.debug_line</name>
         <load_address>0x26e6</load_address>
         <run_address>0x26e6</run_address>
         <size>0x3a</size>
         <input_file_ref idref="fl-cb"/>
      </object_component>
      <object_component id="oc-84">
         <name>.debug_line</name>
         <load_address>0x2720</load_address>
         <run_address>0x2720</run_address>
         <size>0x8a</size>
         <input_file_ref idref="fl-cb"/>
      </object_component>
      <object_component id="oc-8e">
         <name>.debug_line</name>
         <load_address>0x27aa</load_address>
         <run_address>0x27aa</run_address>
         <size>0x8a</size>
         <input_file_ref idref="fl-cc"/>
      </object_component>
      <object_component id="oc-1c">
         <name>.debug_line</name>
         <load_address>0x2834</load_address>
         <run_address>0x2834</run_address>
         <size>0x55</size>
         <input_file_ref idref="fl-cc"/>
      </object_component>
      <object_component id="oc-48">
         <name>.debug_line</name>
         <load_address>0x2889</load_address>
         <run_address>0x2889</run_address>
         <size>0x3a</size>
         <input_file_ref idref="fl-cc"/>
      </object_component>
      <object_component id="oc-8b">
         <name>.debug_line</name>
         <load_address>0x28c3</load_address>
         <run_address>0x28c3</run_address>
         <size>0x8a</size>
         <input_file_ref idref="fl-cc"/>
      </object_component>
      <object_component id="oc-96">
         <name>.debug_line</name>
         <load_address>0x294d</load_address>
         <run_address>0x294d</run_address>
         <size>0x8a</size>
         <input_file_ref idref="fl-cd"/>
      </object_component>
      <object_component id="oc-22">
         <name>.debug_line</name>
         <load_address>0x29d7</load_address>
         <run_address>0x29d7</run_address>
         <size>0x4f</size>
         <input_file_ref idref="fl-cd"/>
      </object_component>
      <object_component id="oc-54">
         <name>.debug_line</name>
         <load_address>0x2a26</load_address>
         <run_address>0x2a26</run_address>
         <size>0x34</size>
         <input_file_ref idref="fl-cd"/>
      </object_component>
      <object_component id="oc-93">
         <name>.debug_line</name>
         <load_address>0x2a5a</load_address>
         <run_address>0x2a5a</run_address>
         <size>0x8a</size>
         <input_file_ref idref="fl-cd"/>
      </object_component>
      <object_component id="oc-ec">
         <name>.debug_line</name>
         <load_address>0x2ae4</load_address>
         <run_address>0x2ae4</run_address>
         <size>0xf2</size>
         <input_file_ref idref="fl-ce"/>
      </object_component>
      <object_component id="oc-e0">
         <name>.debug_line</name>
         <load_address>0x2bd6</load_address>
         <run_address>0x2bd6</run_address>
         <size>0x2a</size>
         <input_file_ref idref="fl-ce"/>
      </object_component>
      <object_component id="oc-72">
         <name>.debug_line</name>
         <load_address>0x2c00</load_address>
         <run_address>0x2c00</run_address>
         <size>0x86</size>
         <input_file_ref idref="fl-ce"/>
      </object_component>
      <object_component id="oc-197">
         <name>.debug_line</name>
         <load_address>0x2c86</load_address>
         <run_address>0x2c86</run_address>
         <size>0xa8</size>
         <input_file_ref idref="fl-cf"/>
      </object_component>
      <object_component id="oc-194">
         <name>.debug_line</name>
         <load_address>0x2d2e</load_address>
         <run_address>0x2d2e</run_address>
         <size>0x8e</size>
         <input_file_ref idref="fl-d0"/>
      </object_component>
      <object_component id="oc-19c">
         <name>.debug_line</name>
         <load_address>0x2dbc</load_address>
         <run_address>0x2dbc</run_address>
         <size>0x59</size>
         <input_file_ref idref="fl-d1"/>
      </object_component>
      <object_component id="oc-1d1">
         <name>.debug_line</name>
         <load_address>0x2e15</load_address>
         <run_address>0x2e15</run_address>
         <size>0x57</size>
         <input_file_ref idref="fl-d2"/>
      </object_component>
      <object_component id="oc-217">
         <name>.debug_line</name>
         <load_address>0x2e6c</load_address>
         <run_address>0x2e6c</run_address>
         <size>0x8a</size>
         <input_file_ref idref="fl-d3"/>
      </object_component>
      <object_component id="oc-1a4">
         <name>.debug_line</name>
         <load_address>0x2ef6</load_address>
         <run_address>0x2ef6</run_address>
         <size>0x66</size>
         <input_file_ref idref="fl-d3"/>
      </object_component>
      <object_component id="oc-43">
         <name>.debug_line</name>
         <load_address>0x2f5c</load_address>
         <run_address>0x2f5c</run_address>
         <size>0x88</size>
         <input_file_ref idref="fl-d4"/>
      </object_component>
      <object_component id="oc-4c">
         <name>.debug_line</name>
         <load_address>0x2fe4</load_address>
         <run_address>0x2fe4</run_address>
         <size>0x79</size>
         <input_file_ref idref="fl-d5"/>
      </object_component>
      <object_component id="oc-58">
         <name>.debug_line</name>
         <load_address>0x305d</load_address>
         <run_address>0x305d</run_address>
         <size>0x3d</size>
         <input_file_ref idref="fl-d6"/>
      </object_component>
      <object_component id="oc-62">
         <name>.debug_line</name>
         <load_address>0x309a</load_address>
         <run_address>0x309a</run_address>
         <size>0x40</size>
         <input_file_ref idref="fl-d7"/>
      </object_component>
      <object_component id="oc-b9">
         <name>.debug_line</name>
         <load_address>0x30da</load_address>
         <run_address>0x30da</run_address>
         <size>0x33</size>
         <input_file_ref idref="fl-d8"/>
      </object_component>
      <object_component id="oc-18f">
         <name>.debug_line</name>
         <load_address>0x310d</load_address>
         <run_address>0x310d</run_address>
         <size>0x4c</size>
         <input_file_ref idref="fl-d9"/>
      </object_component>
      <object_component id="oc-15d">
         <name>.debug_line</name>
         <load_address>0x3159</load_address>
         <run_address>0x3159</run_address>
         <size>0x20</size>
         <input_file_ref idref="fl-da"/>
      </object_component>
      <object_component id="oc-e8">
         <name>.debug_line</name>
         <load_address>0x3179</load_address>
         <run_address>0x3179</run_address>
         <size>0x2b</size>
         <input_file_ref idref="fl-da"/>
      </object_component>
      <object_component id="oc-e2">
         <name>.debug_line</name>
         <load_address>0x31a4</load_address>
         <run_address>0x31a4</run_address>
         <size>0x68</size>
         <input_file_ref idref="fl-da"/>
      </object_component>
      <object_component id="oc-d9">
         <name>.debug_line</name>
         <load_address>0x320c</load_address>
         <run_address>0x320c</run_address>
         <size>0x2b</size>
         <input_file_ref idref="fl-db"/>
      </object_component>
      <object_component id="oc-6d">
         <name>.debug_line</name>
         <load_address>0x3237</load_address>
         <run_address>0x3237</run_address>
         <size>0x4a</size>
         <input_file_ref idref="fl-db"/>
      </object_component>
      <object_component id="oc-dd">
         <name>.debug_line</name>
         <load_address>0x3281</load_address>
         <run_address>0x3281</run_address>
         <size>0x2b</size>
         <input_file_ref idref="fl-db"/>
      </object_component>
      <object_component id="oc-c0">
         <name>.debug_line</name>
         <load_address>0x32ac</load_address>
         <run_address>0x32ac</run_address>
         <size>0xa9</size>
         <input_file_ref idref="fl-dc"/>
      </object_component>
      <object_component id="oc-68">
         <name>.debug_line</name>
         <load_address>0x3355</load_address>
         <run_address>0x3355</run_address>
         <size>0x8b</size>
         <input_file_ref idref="fl-dc"/>
      </object_component>
      <object_component id="oc-c4">
         <name>.debug_line</name>
         <load_address>0x33e0</load_address>
         <run_address>0x33e0</run_address>
         <size>0x2e</size>
         <input_file_ref idref="fl-dc"/>
      </object_component>
      <object_component id="oc-f7">
         <name>.debug_line</name>
         <load_address>0x340e</load_address>
         <run_address>0x340e</run_address>
         <size>0x8a</size>
         <input_file_ref idref="fl-dc"/>
      </object_component>
      <object_component id="oc-c9">
         <name>.debug_line</name>
         <load_address>0x3498</load_address>
         <run_address>0x3498</run_address>
         <size>0x8b</size>
         <input_file_ref idref="fl-dc"/>
      </object_component>
      <object_component id="oc-ee">
         <name>.debug_line</name>
         <load_address>0x3523</load_address>
         <run_address>0x3523</run_address>
         <size>0x98</size>
         <input_file_ref idref="fl-dd"/>
      </object_component>
      <object_component id="oc-9d">
         <name>.debug_line</name>
         <load_address>0x35bb</load_address>
         <run_address>0x35bb</run_address>
         <size>0x68</size>
         <input_file_ref idref="fl-dd"/>
      </object_component>
      <object_component id="oc-f2">
         <name>.debug_line</name>
         <load_address>0x3623</load_address>
         <run_address>0x3623</run_address>
         <size>0x2e</size>
         <input_file_ref idref="fl-dd"/>
      </object_component>
      <object_component id="oc-a3">
         <name>.debug_line</name>
         <load_address>0x3651</load_address>
         <run_address>0x3651</run_address>
         <size>0x3c</size>
         <input_file_ref idref="fl-de"/>
      </object_component>
      <object_component id="oc-ab">
         <name>.debug_frame</name>
         <load_address>0x0</load_address>
         <run_address>0x0</run_address>
         <size>0x58</size>
         <input_file_ref idref="fl-2"/>
      </object_component>
      <object_component id="oc-30">
         <name>.debug_frame</name>
         <load_address>0x58</load_address>
         <run_address>0x58</run_address>
         <size>0x84</size>
         <input_file_ref idref="fl-3"/>
      </object_component>
      <object_component id="oc-d0">
         <name>.debug_frame</name>
         <load_address>0xdc</load_address>
         <run_address>0xdc</run_address>
         <size>0x160</size>
         <input_file_ref idref="fl-4"/>
      </object_component>
      <object_component id="oc-116">
         <name>.debug_frame</name>
         <load_address>0x23c</load_address>
         <run_address>0x23c</run_address>
         <size>0x10e</size>
         <input_file_ref idref="fl-5"/>
      </object_component>
      <object_component id="oc-104">
         <name>.debug_frame</name>
         <load_address>0x34a</load_address>
         <run_address>0x34a</run_address>
         <size>0x78</size>
         <input_file_ref idref="fl-6"/>
      </object_component>
      <object_component id="oc-fa">
         <name>.debug_frame</name>
         <load_address>0x3c2</load_address>
         <run_address>0x3c2</run_address>
         <size>0x79</size>
         <input_file_ref idref="fl-7"/>
      </object_component>
      <object_component id="oc-11c">
         <name>.debug_frame</name>
         <load_address>0x43b</load_address>
         <run_address>0x43b</run_address>
         <size>0x74</size>
         <input_file_ref idref="fl-8"/>
      </object_component>
      <object_component id="oc-109">
         <name>.debug_frame</name>
         <load_address>0x4af</load_address>
         <run_address>0x4af</run_address>
         <size>0x78</size>
         <input_file_ref idref="fl-9"/>
      </object_component>
      <object_component id="oc-10c">
         <name>.debug_frame</name>
         <load_address>0x527</load_address>
         <run_address>0x527</run_address>
         <size>0x75</size>
         <input_file_ref idref="fl-a"/>
      </object_component>
      <object_component id="oc-17d">
         <name>.debug_frame</name>
         <load_address>0x59c</load_address>
         <run_address>0x59c</run_address>
         <size>0x72</size>
         <input_file_ref idref="fl-b"/>
      </object_component>
      <object_component id="oc-162">
         <name>.debug_frame</name>
         <load_address>0x60e</load_address>
         <run_address>0x60e</run_address>
         <size>0xb9</size>
         <input_file_ref idref="fl-c"/>
      </object_component>
      <object_component id="oc-147">
         <name>.debug_frame</name>
         <load_address>0x6c7</load_address>
         <run_address>0x6c7</run_address>
         <size>0xdd</size>
         <input_file_ref idref="fl-d"/>
      </object_component>
      <object_component id="oc-169">
         <name>.debug_frame</name>
         <load_address>0x7a4</load_address>
         <run_address>0x7a4</run_address>
         <size>0x224</size>
         <input_file_ref idref="fl-e"/>
      </object_component>
      <object_component id="oc-122">
         <name>.debug_frame</name>
         <load_address>0x9c8</load_address>
         <run_address>0x9c8</run_address>
         <size>0x6e</size>
         <input_file_ref idref="fl-f"/>
      </object_component>
      <object_component id="oc-d2">
         <name>.debug_frame</name>
         <load_address>0xa36</load_address>
         <run_address>0xa36</run_address>
         <size>0x8b</size>
         <input_file_ref idref="fl-10"/>
      </object_component>
      <object_component id="oc-16">
         <name>.debug_frame</name>
         <load_address>0xac1</load_address>
         <run_address>0xac1</run_address>
         <size>0x60</size>
         <input_file_ref idref="fl-cb"/>
      </object_component>
      <object_component id="oc-1d">
         <name>.debug_frame</name>
         <load_address>0xb21</load_address>
         <run_address>0xb21</run_address>
         <size>0x51</size>
         <input_file_ref idref="fl-cc"/>
      </object_component>
      <object_component id="oc-23">
         <name>.debug_frame</name>
         <load_address>0xb72</load_address>
         <run_address>0xb72</run_address>
         <size>0x51</size>
         <input_file_ref idref="fl-cd"/>
      </object_component>
      <object_component id="oc-71">
         <name>.debug_frame</name>
         <load_address>0xbc3</load_address>
         <run_address>0xbc3</run_address>
         <size>0x85</size>
         <input_file_ref idref="fl-ce"/>
      </object_component>
      <object_component id="oc-1a3">
         <name>.debug_frame</name>
         <load_address>0xc48</load_address>
         <run_address>0xc48</run_address>
         <size>0x60</size>
         <input_file_ref idref="fl-d3"/>
      </object_component>
      <object_component id="oc-5c">
         <name>.debug_frame</name>
         <load_address>0xca8</load_address>
         <run_address>0xca8</run_address>
         <size>0x51</size>
         <input_file_ref idref="fl-d6"/>
      </object_component>
      <object_component id="oc-61">
         <name>.debug_frame</name>
         <load_address>0xcf9</load_address>
         <run_address>0xcf9</run_address>
         <size>0x51</size>
         <input_file_ref idref="fl-d7"/>
      </object_component>
      <object_component id="oc-e3">
         <name>.debug_frame</name>
         <load_address>0xd4a</load_address>
         <run_address>0xd4a</run_address>
         <size>0x73</size>
         <input_file_ref idref="fl-da"/>
      </object_component>
      <object_component id="oc-6e">
[...]
      </symbol>
      <symbol id="sm-116">
         <name>Ultrasonic_Sensor</name>
         <value>0x200002ac</value>
         <object_component_ref idref="oc-132"/>
      </symbol>
      <symbol id="sm-117">
         <name>stop_flag</name>
         <value>0x20000251</value>
         <object_component_ref idref="oc-13c"/>
      </symbol>
      <symbol id="sm-118">
         <name>start_switch</name>
         <value>0x2000026c</value>
         <object_component_ref idref="oc-135"/>
      </symbol>
      <symbol id="sm-119">
         <name>robot_move_forward</name>
         <value>0x3ab9</value>
         <object_component_ref idref="oc-cb"/>
      </symbol>
      <symbol id="sm-11a">
         <name>stop_switch</name>
         <value>0x20000274</value>
         <object_component_ref idref="oc-138"/>
      </symbol>
      <symbol id="sm-11b">
         <name>start_flag</name>
         <value>0x20000250</value>
         <object_component_ref idref="oc-13c"/>
      </symbol>
      <symbol id="sm-11c">
         <name>RIGHT_SIDE</name>
         <value>0x2000029e</value>
         <object_component_ref idref="oc-126"/>
      </symbol>
      <symbol id="sm-11d">
         <name>TEMP_SENSOR</name>
         <value>0x20000292</value>
         <object_component_ref idref="oc-12f"/>
      </symbol>
      <symbol id="sm-11e">
         <name>LDR_Difference</name>
         <value>0x2000024c</value>
         <object_component_ref idref="oc-13c"/>
      </symbol>
      <symbol id="sm-11f">
         <name>ldr_update</name>
         <value>0x3bfb</value>
         <object_component_ref idref="oc-cb"/>
      </symbol>
      <symbol id="sm-120">
         <name>robot_move_rotate</name>
         <value>0x3b09</value>
         <object_component_ref idref="oc-cb"/>
      </symbol>
      <symbol id="sm-121">
         <name>temperature_update</name>
         <value>0x3c65</value>
         <object_component_ref idref="oc-cb"/>
      </symbol>
      <symbol id="sm-122">
         <name>ultrasonic_update</name>
         <value>0x3bcb</value>
         <object_component_ref idref="oc-cb"/>
      </symbol>
      <symbol id="sm-123">
         <name>robot_move_right</name>
         <value>0x3af5</value>
         <object_component_ref idref="oc-cb"/>
      </symbol>
      <symbol id="sm-124">
         <name>LDR2</name>
         <value>0x2000028b</value>
         <object_component_ref idref="oc-12c"/>
      </symbol>
      <symbol id="sm-125">
         <name>LDR1</name>
         <value>0x20000284</value>
         <object_component_ref idref="oc-129"/>
      </symbol>
      <symbol id="sm-126">
         <name>robot_move_left</name>
         <value>0x3ae1</value>
         <object_component_ref idref="oc-cb"/>
      </symbol>
      <symbol id="sm-127">
         <name>LEFT_SIDE</name>
         <value>0x20000299</value>
         <object_component_ref idref="oc-123"/>
      </symbol>
      <symbol id="sm-143">
         <name>lcd_display_string</name>
         <value>0x36a1</value>
         <object_component_ref idref="oc-111"/>
      </symbol>
      <symbol id="sm-144">
         <name>lcd_move_cursor</name>
         <value>0x36d1</value>
         <object_component_ref idref="oc-111"/>
      </symbol>
      <symbol id="sm-145">
         <name>lcd_clear_screen</name>
         <value>0x3769</value>
         <object_component_ref idref="oc-111"/>
      </symbol>
      <symbol id="sm-146">
         <name>lcd_display_character</name>
         <value>0x35af</value>
         <object_component_ref idref="oc-111"/>
      </symbol>
      <symbol id="sm-147">
         <name>lcd_init</name>
         <value>0x3459</value>
         <object_component_ref idref="oc-111"/>
      </symbol>
      <symbol id="sm-148">
         <name>lcd_display_string_row_column</name>
         <value>0x372f</value>
         <object_component_ref idref="oc-111"/>
      </symbol>
      <symbol id="sm-149">
         <name>lcd_intger_to_string</name>
         <value>0x374f</value>
         <object_component_ref idref="oc-111"/>
      </symbol>
      <symbol id="sm-14a">
         <name>lcd_send_command</name>
         <value>0x34bd</value>
         <object_component_ref idref="oc-111"/>
      </symbol>
      <symbol id="sm-158">
         <name>ldr_sensor_reading</name>
         <value>0x4423</value>
         <object_component_ref idref="oc-ff"/>
      </symbol>
      <symbol id="sm-159">
         <name>ldr_sensor_init</name>
         <value>0x43df</value>
         <object_component_ref idref="oc-ff"/>
      </symbol>
      <symbol id="sm-182">
         <name>car_side_direction_set</name>
         <value>0x3eff</value>
         <object_component_ref idref="oc-f9"/>
      </symbol>
      <symbol id="sm-183">
         <name>car_side_init</name>
         <value>0x3e49</value>
         <object_component_ref idref="oc-f9"/>
      </symbol>
      <symbol id="sm-19d">
         <name>button_get_state</name>
         <value>0x4483</value>
         <object_component_ref idref="oc-117"/>
      </symbol>
      <symbol id="sm-19e">
         <name>button_init</name>
         <value>0x4469</value>
         <object_component_ref idref="oc-117"/>
      </symbol>
      <symbol id="sm-1ac">
         <name>temperature_sensor_init</name>
         <value>0x4349</value>
         <object_component_ref idref="oc-105"/>
      </symbol>
      <symbol id="sm-1ad">
         <name>temperature_sensor_reading</name>
         <value>0x438d</value>
         <object_component_ref idref="oc-105"/>
      </symbol>
      <symbol id="sm-1c9">
         <name>ultarsonic_sensor_read_value</name>
         <value>0x3d43</value>
         <object_component_ref idref="oc-10b"/>
      </symbol>
      <symbol id="sm-1ca">
         <name>ultarsonic_sensor_init</name>
         <value>0x3cf1</value>
         <object_component_ref idref="oc-10b"/>
      </symbol>
      <symbol id="sm-226">
         <name>ADC_Configure</name>
         <value>0x3039</value>
         <object_component_ref idref="oc-17c"/>
      </symbol>
      <symbol id="sm-227">
         <name>ADC_Get_Conversion</name>
         <value>0x3309</value>
         <object_component_ref idref="oc-17c"/>
      </symbol>
      <symbol id="sm-2f7">
         <name>gpio_write_port</name>
         <value>0x2fb5</value>
         <object_component_ref idref="oc-15e"/>
      </symbol>
      <symbol id="sm-2f8">
         <name>gpio_init</name>
         <value>0x2171</value>
         <object_component_ref idref="oc-15e"/>
      </symbol>
      <symbol id="sm-2f9">
         <name>gpio_write_pin</name>
         <value>0x2d41</value>
         <object_component_ref idref="oc-15e"/>
      </symbol>
      <symbol id="sm-2fa">
         <name>gpio_read_pin</name>
         <value>0x2ed9</value>
         <object_component_ref idref="oc-15e"/>
      </symbol>
      <symbol id="sm-2fb">
         <name>gpio_alternative_function</name>
         <value>0x2899</value>
         <object_component_ref idref="oc-15e"/>
      </symbol>
      <symbol id="sm-33b">
         <name>systick_init</name>
         <value>0x3775</value>
         <object_component_ref idref="oc-145"/>
      </symbol>
      <symbol id="sm-33c">
         <name>systick_set_busy_wait</name>
         <value>0x381d</value>
         <object_component_ref idref="oc-145"/>
      </symbol>
      <symbol id="sm-33d">
         <name>systick_set_periodic_interval</name>
         <value>0x396f</value>
         <object_component_ref idref="oc-145"/>
      </symbol>
      <symbol id="sm-33e">
         <name>Systick_Handler</name>
         <value>0x3a25</value>
         <object_component_ref idref="oc-145"/>
      </symbol>
      <symbol id="sm-33f">
         <name>systick_deinit</name>
         <value>0x37dd</value>
         <object_component_ref idref="oc-145"/>
      </symbol>
      <symbol id="sm-340">
         <name>systick_set_single_interval</name>
         <value>0x38b3</value>
         <object_component_ref idref="oc-145"/>
      </symbol>
      <symbol id="sm-604">
         <name>TIMER3A_Handler</name>
         <value>0x2cd</value>
         <object_component_ref idref="oc-164"/>
      </symbol>
      <symbol id="sm-605">
         <name>TIMER1A_Handler</name>
         <value>0x28d</value>
         <object_component_ref idref="oc-164"/>
      </symbol>
      <symbol id="sm-606">
         <name>TIMER5A_Handler</name>
         <value>0x30d</value>
         <object_component_ref idref="oc-164"/>
      </symbol>
      <symbol id="sm-607">
         <name>pwm_init</name>
         <value>0x124d</value>
         <object_component_ref idref="oc-164"/>
      </symbol>
      <symbol id="sm-608">
         <name>pwm_start</name>
         <value>0x1c4d</value>
         <object_component_ref idref="oc-164"/>
      </symbol>
      <symbol id="sm-609">
         <name>WTIMER2B_Handler</name>
         <value>0x37d</value>
         <object_component_ref idref="oc-164"/>
      </symbol>
      <symbol id="sm-60a">
         <name>WTIMER0B_Handler</name>
         <value>0x33d</value>
         <object_component_ref idref="oc-164"/>
      </symbol>
      <symbol id="sm-60b">
         <name>WTIMER4B_Handler</name>
         <value>0x3bd</value>
         <object_component_ref idref="oc-164"/>
      </symbol>
      <symbol id="sm-60c">
         <name>TIMER2B_Handler</name>
         <value>0x2bd</value>
         <object_component_ref idref="oc-164"/>
      </symbol>
      <symbol id="sm-60d">
         <name>TIMER0B_Handler</name>
         <value>0x27d</value>
         <object_component_ref idref="oc-164"/>
      </symbol>
      <symbol id="sm-60e">
         <name>TIMER4B_Handler</name>
         <value>0x2fd</value>
         <object_component_ref idref="oc-164"/>
      </symbol>
      <symbol id="sm-60f">
         <name>timer_init</name>
         <value>0x445</value>
         <object_component_ref idref="oc-164"/>
      </symbol>
      <symbol id="sm-610">
         <name>WTIMER3B_Handler</name>
         <value>0x39d</value>
         <object_component_ref idref="oc-164"/>
      </symbol>
      <symbol id="sm-611">
         <name>WTIMER1B_Handler</name>
         <value>0x35d</value>
         <object_component_ref idref="oc-164"/>
      </symbol>
      <symbol id="sm-612">
         <name>WTIMER5B_Handler</name>
         <value>0x3dd</value>
         <object_component_ref idref="oc-164"/>
      </symbol>
      <symbol id="sm-613">
         <name>TIMER3B_Handler</name>
         <value>0x2dd</value>
         <object_component_ref idref="oc-164"/>
      </symbol>
      <symbol id="sm-614">
         <name>TIMER1B_Handler</name>
         <value>0x29d</value>
         <object_component_ref idref="oc-164"/>
      </symbol>
      <symbol id="sm-615">
         <name>TIMER5B_Handler</name>
         <value>0x31d</value>
         <object_component_ref idref="oc-164"/>
      </symbol>
      <symbol id="sm-616">
         <name>WTIMER2A_Handler</name>
         <value>0x36d</value>
         <object_component_ref idref="oc-164"/>
      </symbol>
      <symbol id="sm-617">
         <name>WTIMER0A_Handler</name>
         <value>0x32d</value>
         <object_component_ref idref="oc-164"/>
      </symbol>
      <symbol id="sm-618">
         <name>WTIMER4A_Handler</name>
         <value>0x3ad</value>
         <object_component_ref idref="oc-164"/>
      </symbol>
      <symbol id="sm-619">
         <name>TIMER2A_Handler</name>
         <value>0x2ad</value>
         <object_component_ref idref="oc-164"/>
      </symbol>
      <symbol id="sm-61a">
         <name>TIMER0A_Handler</name>
         <value>0x26d</value>
         <object_component_ref idref="oc-164"/>
      </symbol>
      <symbol id="sm-61b">
         <name>TIMER4A_Handler</name>
         <value>0x2ed</value>
         <object_component_ref idref="oc-164"/>
      </symbol>
      <symbol id="sm-61c">
         <name>WTIMER3A_Handler</name>
         <value>0x38d</value>
         <object_component_ref idref="oc-164"/>
      </symbol>
      <symbol id="sm-61d">
         <name>WTIMER1A_Handler</name>
         <value>0x34d</value>
         <object_component_ref idref="oc-164"/>
      </symbol>
      <symbol id="sm-61e">
         <name>WTIMER5A_Handler</name>
         <value>0x3cd</value>
         <object_component_ref idref="oc-164"/>
      </symbol>
      <symbol id="sm-631">
         <name>_delay_ms</name>
         <value>0x44f1</value>
         <object_component_ref idref="oc-11d"/>
      </symbol>
      <symbol id="sm-632">
         <name>_delay_us</name>
         <value>0x4533</value>
         <object_component_ref idref="oc-11d"/>
      </symbol>
      <symbol id="sm-65e">
         <name>tasks_time</name>
         <value>0x200002b0</value>
      </symbol>
      <symbol id="sm-65f">
         <name>tasks_scheduler</name>
         <value>0x421f</value>
         <object_component_ref idref="oc-d1"/>
      </symbol>
      <symbol id="sm-660">
         <name>tasks</name>
         <value>0x20000200</value>
         <object_component_ref idref="oc-14f"/>
      </symbol>
      <symbol id="sm-661">
         <name>init_scheduler</name>
         <value>0x41b5</value>
         <object_component_ref idref="oc-d1"/>
      </symbol>
      <symbol id="sm-662">
         <name>create_task</name>
         <value>0x41c9</value>
         <object_component_ref idref="oc-d1"/>
      </symbol>
      <symbol id="sm-673">
         <name>_c_int00</name>
         <value>0x4729</value>
         <object_component_ref idref="oc-24"/>
      </symbol>
      <symbol id="sm-674">
         <name>__stack</name>
         <value>0x20000000</value>
         <object_component_ref idref="oc-2a"/>
      </symbol>
      <symbol id="sm-692">
         <name>__TI_decompress_lzss</name>
         <value>0x4659</value>
         <object_component_ref idref="oc-12"/>
      </symbol>
      <symbol id="sm-6a9">
         <name>__TI_decompress_none</name>
         <value>0x4939</value>
         <object_component_ref idref="oc-18"/>
      </symbol>
      <symbol id="sm-6c0">
         <name>__TI_zero_init</name>
         <value>0x4947</value>
         <object_component_ref idref="oc-1e"/>
      </symbol>
      <symbol id="sm-6e1">
         <name>C$$EXIT</name>
         <value>0x477d</value>
         <object_component_ref idref="oc-6f"/>
      </symbol>
      <symbol id="sm-6e2">
         <name>abort</name>
         <value>0x4781</value>
         <object_component_ref idref="oc-6f"/>
      </symbol>
      <symbol id="sm-6e3">
         <name>exit</name>
         <value>0x4789</value>
         <object_component_ref idref="oc-6f"/>
      </symbol>
      <symbol id="sm-6e4">
         <name>__TI_dtors_ptr</name>
         <value>0x2000025c</value>
         <object_component_ref idref="oc-af"/>
      </symbol>
      <symbol id="sm-6e5">
         <name>__TI_cleanup_ptr</name>
         <value>0x20000258</value>
         <object_component_ref idref="oc-af"/>
      </symbol>
      <symbol id="sm-6e6">
         <name>__TI_enable_exit_profile_output</name>
         <value>0x20000260</value>
         <object_component_ref idref="oc-af"/>
      </symbol>
      <symbol id="sm-6fa">
         <name>__aeabi_ddiv</name>
         <value>0x3f81</value>
         <object_component_ref idref="oc-195"/>
      </symbol>
      <symbol id="sm-705">
         <name>__aeabi_dmul</name>
         <value>0x40b7</value>
         <object_component_ref idref="oc-190"/>
      </symbol>
      <symbol id="sm-70f">
         <name>__aeabi_d2uiz</name>
         <value>0x4871</value>
         <object_component_ref idref="oc-19a"/>
      </symbol>
      <symbol id="sm-71a">
         <name>__aeabi_f2d</name>
         <value>0x48b5</value>
         <object_component_ref idref="oc-1cd"/>
      </symbol>
      <symbol id="sm-729">
         <name>ltoa</name>
         <value>0x47d1</value>
         <object_component_ref idref="oc-1a1"/>
      </symbol>
      <symbol id="sm-744">
         <name>memcpy</name>
         <value>0x42ad</value>
         <object_component_ref idref="oc-3f"/>
      </symbol>
      <symbol id="sm-745">
         <name>__aeabi_memcpy</name>
         <value>0x42ad</value>
         <object_component_ref idref="oc-3f"/>
      </symbol>
      <symbol id="sm-746">
         <name>__aeabi_memcpy8</name>
         <value>0x42ad</value>
         <object_component_ref idref="oc-3f"/>
      </symbol>
      <symbol id="sm-747">
         <name>__aeabi_memcpy4</name>
         <value>0x42ad</value>
         <object_component_ref idref="oc-3f"/>
      </symbol>
      <symbol id="sm-756">
         <name>__aeabi_memset</name>
         <value>0x456f</value>
         <object_component_ref idref="oc-4b"/>
      </symbol>
      <symbol id="sm-757">
         <name>memset</name>
         <value>0x4575</value>
         <object_component_ref idref="oc-4b"/>
      </symbol>
      <symbol id="sm-758">
         <name>__aeabi_memset8</name>
         <value>0x456f</value>
         <object_component_ref idref="oc-4b"/>
      </symbol>
      <symbol id="sm-759">
         <name>__aeabi_memset4</name>
         <value>0x456f</value>
         <object_component_ref idref="oc-4b"/>
      </symbol>
      <symbol id="sm-75a">
         <name>__aeabi_memclr8</name>
         <value>0x456d</value>
         <object_component_ref idref="oc-4b"/>
      </symbol>
      <symbol id="sm-75b">
         <name>__aeabi_memclr4</name>
         <value>0x456d</value>
         <object_component_ref idref="oc-4b"/>
      </symbol>
      <symbol id="sm-75c">
         <name>__aeabi_memclr</name>
         <value>0x456d</value>
         <object_component_ref idref="oc-4b"/>
      </symbol>
      <symbol id="sm-766">
         <name>__mpu_init</name>
         <value>0x3773</value>
         <object_component_ref idref="oc-57"/>
      </symbol>
      <symbol id="sm-770">
         <name>_system_pre_init</name>
         <value>0x495f</value>
         <object_component_ref idref="oc-5d"/>
      </symbol>
      <symbol id="sm-778">
         <name>main_func_sp</name>
         <value>0x200002a4</value>
         <object_component_ref idref="oc-75"/>
      </symbol>
      <symbol id="sm-782">
         <name>__aeabi_ui2d</name>
         <value>0x48ed</value>
         <object_component_ref idref="oc-18b"/>
      </symbol>
      <symbol id="sm-79b">
         <name>_nop</name>
         <value>0x4933</value>
         <object_component_ref idref="oc-e1"/>
      </symbol>
      <symbol id="sm-79c">
         <name>_lock</name>
         <value>0x20000264</value>
         <object_component_ref idref="oc-b2"/>
      </symbol>
      <symbol id="sm-79d">
         <name>_unlock</name>
         <value>0x20000268</value>
         <object_component_ref idref="oc-b2"/>
      </symbol>
      <symbol id="sm-79e">
         <name>_register_lock</name>
         <value>0x492b</value>
         <object_component_ref idref="oc-e1"/>
      </symbol>
      <symbol id="sm-79f">
         <name>_register_unlock</name>
         <value>0x4925</value>
         <object_component_ref idref="oc-e1"/>
      </symbol>
      <symbol id="sm-7b3">
         <name>_args_main</name>
         <value>0x490d</value>
         <object_component_ref idref="oc-69"/>
      </symbol>
      <symbol id="sm-7dd">
         <name>__TI_auto_init</name>
         <value>0x45e9</value>
         <object_component_ref idref="oc-63"/>
      </symbol>
      <symbol id="sm-7f7">
         <name>copy_in</name>
         <value>0x4825</value>
         <object_component_ref idref="oc-99"/>
      </symbol>
      <symbol id="sm-801">
         <name>_system_post_cinit</name>
         <value>0x41b3</value>
         <object_component_ref idref="oc-9f"/>
      </symbol>
      <symbol id="sm-802">
         <name>__TI_static_base__</name>
         <value>0x0</value>
      </symbol>
      <symbol id="sm-805">
         <name>SHT$$INIT_ARRAY$$Limit</name>
         <value>0x0</value>
      </symbol>
      <symbol id="sm-806">
         <name>SHT$$INIT_ARRAY$$Base</name>
         <value>0x0</value>
      </symbol>
   </symbol_table>
   <title>Link successful</title>
</link_info>
