******************************************************************************
                  TI ARM Linker PC v16.9.4                     
******************************************************************************
>> Linked Wed Sep 13 23:08:18 2023

OUTPUT FILE NAME:   <Autonomous_Car.out>
ENTRY POINT SYMBOL: "_c_int00"  address: 00004729


MEMORY CONFIGURATION

         name            origin    length      used     unused   attr    fill
----------------------  --------  ---------  --------  --------  ----  --------
  FLASH                 00000000   00040000  000049d4  0003b62c  R  X
  SRAM                  20000000   00008000  000002be  00007d42  RW X


SEGMENT ALLOCATION MAP

run origin  load origin   length   init length attrs members
----------  ----------- ---------- ----------- ----- -------
00000000    00000000    000049d8   000049d8    r-x
  00000000    00000000    0000026c   0000026c    r-- .intvecs
  0000026c    0000026c    000046f6   000046f6    r-x .text
  00004962    00004962    0000000a   0000000a    r-- .const
  00004970    00004970    00000068   00000068    r-- .cinit
20000000    20000000    000002bf   00000000    rw-
  20000000    20000000    00000200   00000000    rw- .stack
  20000200    20000200    000000af   00000000    rw- .data
  200002b0    200002b0    0000000f   00000000    rw- .bss


SECTION ALLOCATION MAP

 output                                  attributes/
section   page    origin      length       input sections
--------  ----  ----------  ----------   ----------------
.intvecs   0    00000000    0000026c     
                  00000000    0000026c     tm4c123gh6pm_startup_ccs.obj (.intvecs)

.text      0    0000026c    000046f6     
                  0000026c    00001f04     timer.obj (.text)
                  00002170    00000ec8     gpio.obj (.text)
                  00003038    00000420     adc.obj (.text)
                  00003458    0000031a     lcd.obj (.text)
                  00003772    00000002     rtsv7M4_T_le_v4SPD16_eabi.lib : mpu_init.obj (.text)
                  00003774    00000310     systick.obj (.text)
                  00003a84    0000026c     app.obj (.text)
                  00003cf0    00000158     ultrasonic_sensor.obj (.text)
                  00003e48    00000138     motor.obj (.text)
                  00003f80    00000136     rtsv7M4_T_le_v4SPD16_eabi.lib : fd_div_t2.obj (.text)
                  000040b6    000000fc                                   : fd_mul_t2.obj (.text)
                  000041b2    00000002                                   : startup.obj (.text)
                  000041b4    000000f8     scheduler.obj (.text)
                  000042ac    0000009c     rtsv7M4_T_le_v4SPD16_eabi.lib : memcpy_t2.obj (.text)
                  00004348    00000096     temperture_sensor.obj (.text)
                  000043de    0000008a     ldr_sensor.obj (.text)
                  00004468    00000088     switch.obj (.text)
                  000044f0    0000007c     general_functions.obj (.text)
                  0000456c    0000007a     rtsv7M4_T_le_v4SPD16_eabi.lib : memset_t2.obj (.text)
                  000045e6    00000002     --HOLE-- [fill = 0]
                  000045e8    00000070                                   : autoinit.obj (.text)
                  00004658    00000068                                   : copy_decompress_lzss.obj (.text:decompress:lzss)
                  000046c0    00000068     main.obj (.text)
                  00004728    00000054     rtsv7M4_T_le_v4SPD16_eabi.lib : boot.obj (.text)
                  0000477c    00000054                                   : exit.obj (.text)
                  000047d0    00000054                                   : ltoa.obj (.text)
                  00004824    0000004c                                   : cpy_tbl.obj (.text)
                  00004870    00000044                                   : fd_tou_t2.obj (.text)
                  000048b4    00000038                                   : fs_tod_t2.obj (.text)
                  000048ec    00000020                                   : u_tofd_t2.obj (.text)
                  0000490c    00000018                                   : args_main.obj (.text)
                  00004924    00000014                                   : _lock.obj (.text)
                  00004938    0000000e                                   : copy_decompress_none.obj (.text:decompress:none)
                  00004946    0000000c                                   : copy_zero_init.obj (.text:decompress:ZI)
                  00004952    0000000c     tm4c123gh6pm_startup_ccs.obj (.text)
                  0000495e    00000004     rtsv7M4_T_le_v4SPD16_eabi.lib : pre_init.obj (.text)

.const     0    00004962    0000000a     
                  00004962    00000005     motor.obj (.const:$P$T0$1)
                  00004967    00000005     motor.obj (.const:$P$T1$2)

.cinit     0    00004970    00000068     
                  00004970    00000041     (.cinit..data.load) [load image, compression = lzss]
                  000049b1    00000003     --HOLE-- [fill = 0]
                  000049b4    0000000c     (__TI_handler_table)
                  000049c0    00000008     (.cinit..bss.load) [load image, compression = zero_init]
                  000049c8    00000010     (__TI_cinit_table)

.init_array 
*          0    00000000    00000000     UNINITIALIZED

.stack     0    20000000    00000200     UNINITIALIZED
                  20000000    00000200     --HOLE--

.data      0    20000200    000000af     UNINITIALIZED
                  20000200    00000048     scheduler.obj (.data:tasks)
                  20000248    0000000e     app.obj (.data)
                  20000256    00000001     scheduler.obj (.data)
                  20000257    00000001     --HOLE--
                  20000258    0000000c     rtsv7M4_T_le_v4SPD16_eabi.lib : exit.obj (.data:$O1$$)
                  20000264    00000008                                   : _lock.obj (.data:$O1$$)
                  2000026c    00000008     app.obj (.data:start_switch)
                  20000274    00000008     app.obj (.data:stop_switch)
                  2000027c    00000008     scheduler.obj (.data:systick1)
                  20000284    00000007     app.obj (.data:LDR1)
                  2000028b    00000007     app.obj (.data:LDR2)
                  20000292    00000007     app.obj (.data:TEMP_SENSOR)
                  20000299    00000005     app.obj (.data:LEFT_SIDE)
                  2000029e    00000005     app.obj (.data:RIGHT_SIDE)
                  200002a3    00000001     --HOLE--
                  200002a4    00000004     rtsv7M4_T_le_v4SPD16_eabi.lib : stkdepth_vars.obj (.data)
                  200002a8    00000004     systick.obj (.data)
                  200002ac    00000003     app.obj (.data:Ultrasonic_Sensor)

.bss       0    200002b0    0000000f     UNINITIALIZED
                  200002b0    0000000c     (.common:tasks_time)
                  200002bc    00000002     app.obj (.bss)
                  200002be    00000001     systick.obj (.bss)

MODULE SUMMARY

       Module                         code    ro data   rw data
       ------                         ----    -------   -------
    .\
       tm4c123gh6pm_startup_ccs.obj   12      620       0      
       main.obj                       104     0         0      
    +--+------------------------------+-------+---------+---------+
       Total:                         116     620       0      
                                                               
    .\APPLICATION\
       app.obj                        620     0         66     
    +--+------------------------------+-------+---------+---------+
       Total:                         620     0         66     
                                                               
    .\HAL\LCD\
       lcd.obj                        794     0         0      
    +--+------------------------------+-------+---------+---------+
       Total:                         794     0         0      
                                                               
    .\HAL\LDR\
       ldr_sensor.obj                 138     0         0      
    +--+------------------------------+-------+---------+---------+
       Total:                         138     0         0      
                                                               
    .\HAL\MOTOR\
       motor.obj                      312     10        0      
    +--+------------------------------+-------+---------+---------+
       Total:                         312     10        0      
                                                               
    .\HAL\SWITCH\
       switch.obj                     136     0         0      
    +--+------------------------------+-------+---------+---------+
       Total:                         136     0         0      
                                                               
    .\HAL\TEMP_SENSOR\
       temperture_sensor.obj          150     0         0      
    +--+------------------------------+-------+---------+---------+
       Total:                         150     0         0      
                                                               
    .\HAL\ULTRASONIC\
       ultrasonic_sensor.obj          344     0         0      
    +--+------------------------------+-------+---------+---------+
       Total:                         344     0         0      
                                                               
    .\MCAL\
       general_functions.obj          124     0         0      
    +--+------------------------------+-------+---------+---------+
       Total:                         124     0         0      
                                                               
    .\MCAL\ADC\
       adc.obj                        1056    0         0      
    +--+------------------------------+-------+---------+---------+
       Total:                         1056    0         0      
                                                               
    .\MCAL\GPIO\
       gpio.obj                       3784    0         0      
    +--+------------------------------+-------+---------+---------+
       Total:                         3784    0         0      
                                                               
    .\MCAL\SYSTICK\
       systick.obj                    784     0         5      
    +--+------------------------------+-------+---------+---------+
       Total:                         784     0         5      
                                                               
    .\MCAL\TIMER\
       timer.obj                      7940    0         0      
    +--+------------------------------+-------+---------+---------+
       Total:                         7940    0         0      
                                                               
    .\SCHEDULER\
       scheduler.obj                  248     0         93     
    +--+------------------------------+-------+---------+---------+
       Total:                         248     0         93     
                                                               
    C:\ti\ccsv7\tools\compiler\ti-cgt-arm_16.9.4.LTS\lib\rtsv7M4_T_le_v4SPD16_eabi.lib
       fd_div_t2.obj                  310     0         0      
       fd_mul_t2.obj                  252     0         0      
       memcpy_t2.obj                  156     0         0      
       memset_t2.obj                  122     0         0      
       autoinit.obj                   112     0         0      
       copy_decompress_lzss.obj       104     0         0      
       exit.obj                       84      0         12     
       boot.obj                       84      0         0      
       ltoa.obj                       84      0         0      
       cpy_tbl.obj                    76      0         0      
       fd_tou_t2.obj                  68      0         0      
       fs_tod_t2.obj                  56      0         0      
       u_tofd_t2.obj                  32      0         0      
       _lock.obj                      20      0         8      
       args_main.obj                  24      0         0      
       copy_decompress_none.obj       14      0         0      
       copy_zero_init.obj             12      0         0      
       pre_init.obj                   4       0         0      
       stkdepth_vars.obj              0       0         4      
       mpu_init.obj                   2       0         0      
       startup.obj                    2       0         0      
    +--+------------------------------+-------+---------+---------+
       Total:                         1618    0         24     
                                                               
       Stack:                         0       0         512    
       Linker Generated:              0       101       0      
    +--+------------------------------+-------+---------+---------+
       Grand Total:                   18164   731       700    


LINKER GENERATED COPY TABLES

__TI_cinit_table @ 000049c8 records: 2, size/record: 8, table size: 16
	.data: load addr=00004970, load size=00000041 bytes, run addr=20000200, run size=000000af bytes, compression=lzss
	.bss: load addr=000049c0, load size=00000008 bytes, run addr=200002b0, run size=0000000f bytes, compression=zero_init


LINKER GENERATED HANDLER TABLE

__TI_handler_table @ 000049b4 records: 3, size/record: 4, table size: 12
	index: 0, handler: __TI_decompress_lzss
	index: 1, handler: __TI_decompress_none
	index: 2, handler: __TI_zero_init


GLOBAL SYMBOLS: SORTED ALPHABETICALLY BY Name 

address   name                           
-------   ----                           
00003039  ADC_Configure                  
00003309  ADC_Get_Conversion             
0000477d  C$$EXIT                        
20000284  LDR1                           
20000248  LDR1_Read                      
2000028b  LDR2                           
2000024a  LDR2_Read                      
2000024c  LDR_Difference                 
20000299  LEFT_SIDE                      
2000029e  RIGHT_SIDE                     
00004953  ResetISR                       
UNDEFED   SHT$$INIT_ARRAY$$Base          
UNDEFED   SHT$$INIT_ARRAY$$Limit         
00003a25  Systick_Handler                
20000292  TEMP_SENSOR                    
0000026d  TIMER0A_Handler                
0000027d  TIMER0B_Handler                
0000028d  TIMER1A_Handler                
0000029d  TIMER1B_Handler                
000002ad  TIMER2A_Handler                
000002bd  TIMER2B_Handler                
000002cd  TIMER3A_Handler                
000002dd  TIMER3B_Handler                
000002ed  TIMER4A_Handler                
000002fd  TIMER4B_Handler                
0000030d  TIMER5A_Handler                
0000031d  TIMER5B_Handler                
200002ac  Ultrasonic_Sensor              
0000032d  WTIMER0A_Handler               
0000033d  WTIMER0B_Handler               
0000034d  WTIMER1A_Handler               
0000035d  WTIMER1B_Handler               
0000036d  WTIMER2A_Handler               
0000037d  WTIMER2B_Handler               
0000038d  WTIMER3A_Handler               
0000039d  WTIMER3B_Handler               
000003ad  WTIMER4A_Handler               
000003bd  WTIMER4B_Handler               
000003cd  WTIMER5A_Handler               
000003dd  WTIMER5B_Handler               
20000200  __STACK_END                    
00000200  __STACK_SIZE                   
20000200  __STACK_TOP                    
000049c8  __TI_CINIT_Base                
000049d8  __TI_CINIT_Limit               
000049b4  __TI_Handler_Table_Base        
000049c0  __TI_Handler_Table_Limit       
000045e9  __TI_auto_init                 
20000258  __TI_cleanup_ptr               
00004659  __TI_decompress_lzss           
00004939  __TI_decompress_none           
2000025c  __TI_dtors_ptr                 
20000260  __TI_enable_exit_profile_output
ffffffff  __TI_pprof_out_hndl            
ffffffff  __TI_prof_data_size            
ffffffff  __TI_prof_data_start           
00000000  __TI_static_base__             
00004947  __TI_zero_init                 
00004871  __aeabi_d2uiz                  
00003f81  __aeabi_ddiv                   
000040b7  __aeabi_dmul                   
000048b5  __aeabi_f2d                    
0000456d  __aeabi_memclr                 
0000456d  __aeabi_memclr4                
0000456d  __aeabi_memclr8                
000042ad  __aeabi_memcpy                 
000042ad  __aeabi_memcpy4                
000042ad  __aeabi_memcpy8                
0000456f  __aeabi_memset                 
0000456f  __aeabi_memset4                
0000456f  __aeabi_memset8                
000048ed  __aeabi_ui2d                   
ffffffff  __binit__                      
ffffffff  __c_args__                     
00003773  __mpu_init                     
20000000  __stack                        
0000490d  _args_main                     
00004729  _c_int00                       
000044f1  _delay_ms                      
00004533  _delay_us                      
20000264  _lock                          
00004933  _nop                           
0000492b  _register_lock                 
00004925  _register_unlock               
000041b3  _system_post_cinit             
0000495f  _system_pre_init               
20000268  _unlock                        
00004781  abort                          
ffffffff  binit                          
00004483  button_get_state               
00004469  button_init                    
00003eff  car_side_direction_set         
00003e49  car_side_init                  
00004825  copy_in                        
000041c9  create_task                    
00004789  exit                           
00000000  g_pfnVectors                   
00002899  gpio_alternative_function      
00002171  gpio_init                      
00002ed9  gpio_read_pin                  
00002d41  gpio_write_pin                 
00002fb5  gpio_write_port                
000041b5  init_scheduler                 
00003769  lcd_clear_screen               
000035af  lcd_display_character          
000036a1  lcd_display_string             
0000372f  lcd_display_string_row_column  
00003459  lcd_init                       
0000374f  lcd_intger_to_string           
000036d1  lcd_move_cursor                
000034bd  lcd_send_command               
00003b91  lcd_update                     
000043df  ldr_sensor_init                
00004423  ldr_sensor_reading             
00003bfb  ldr_update                     
000047d1  ltoa                           
000046c1  main                           
200002a4  main_func_sp                   
000042ad  memcpy                         
00004575  memset                         
2000024e  obstacle_distance              
0000124d  pwm_init                       
00001c4d  pwm_start                      
00003ab9  robot_move_forward             
00003ae1  robot_move_left                
00003af5  robot_move_right               
00003b09  robot_move_rotate              
00003acd  robot_move_stop                
00003c53  robot_state                    
20000250  start_flag                     
2000026c  start_switch                   
20000251  stop_flag                      
20000274  stop_switch                    
00003b35  switches_update                
00003a85  system_init                    
000037dd  systick_deinit                 
00003775  systick_init                   
0000381d  systick_set_busy_wait          
0000396f  systick_set_periodic_interval  
000038b3  systick_set_single_interval    
20000200  tasks                          
0000421f  tasks_scheduler                
200002b0  tasks_time                     
00004349  temperature_sensor_init        
0000438d  temperature_sensor_reading     
00003c65  temperature_update             
20000252  temperature_value              
00000445  timer_init                     
00003cf1  ultarsonic_sensor_init         
00003d43  ultarsonic_sensor_read_value   
00003bcb  ultrasonic_update              


GLOBAL SYMBOLS: SORTED BY Symbol Address 

address   name                           
-------   ----                           
00000000  __TI_static_base__             
00000000  g_pfnVectors                   
00000200  __STACK_SIZE                   
0000026d  TIMER0A_Handler                
0000027d  TIMER0B_Handler                
0000028d  TIMER1A_Handler                
0000029d  TIMER1B_Handler                
000002ad  TIMER2A_Handler                
000002bd  TIMER2B_Handler                
000002cd  TIMER3A_Handler                
000002dd  TIMER3B_Handler                
000002ed  TIMER4A_Handler                
000002fd  TIMER4B_Handler                
0000030d  TIMER5A_Handler                
0000031d  TIMER5B_Handler                
0000032d  WTIMER0A_Handler               
0000033d  WTIMER0B_Handler               
0000034d  WTIMER1A_Handler               
0000035d  WTIMER1B_Handler               
0000036d  WTIMER2A_Handler               
0000037d  WTIMER2B_Handler               
0000038d  WTIMER3A_Handler               
0000039d  WTIMER3B_Handler               
000003ad  WTIMER4A_Handler               
000003bd  WTIMER4B_Handler               
000003cd  WTIMER5A_Handler               
000003dd  WTIMER5B_Handler               
00000445  timer_init                     
0000124d  pwm_init                       
00001c4d  pwm_start                      
00002171  gpio_init                      
00002899  gpio_alternative_function      
00002d41  gpio_write_pin                 
00002ed9  gpio_read_pin                  
00002fb5  gpio_write_port                
00003039  ADC_Configure                  
00003309  ADC_Get_Conversion             
00003459  lcd_init                       
000034bd  lcd_send_command               
000035af  lcd_display_character          
000036a1  lcd_display_string             
000036d1  lcd_move_cursor                
0000372f  lcd_display_string_row_column  
0000374f  lcd_intger_to_string           
00003769  lcd_clear_screen               
00003773  __mpu_init                     
00003775  systick_init                   
000037dd  systick_deinit                 
0000381d  systick_set_busy_wait          
000038b3  systick_set_single_interval    
0000396f  systick_set_periodic_interval  
00003a25  Systick_Handler                
00003a85  system_init                    
00003ab9  robot_move_forward             
00003acd  robot_move_stop                
00003ae1  robot_move_left                
00003af5  robot_move_right               
00003b09  robot_move_rotate              
00003b35  switches_update                
00003b91  lcd_update                     
00003bcb  ultrasonic_update              
00003bfb  ldr_update                     
00003c53  robot_state                    
00003c65  temperature_update             
00003cf1  ultarsonic_sensor_init         
00003d43  ultarsonic_sensor_read_value   
00003e49  car_side_init                  
00003eff  car_side_direction_set         
00003f81  __aeabi_ddiv                   
000040b7  __aeabi_dmul                   
000041b3  _system_post_cinit             
000041b5  init_scheduler                 
000041c9  create_task                    
0000421f  tasks_scheduler                
000042ad  __aeabi_memcpy                 
000042ad  __aeabi_memcpy4                
000042ad  __aeabi_memcpy8                
000042ad  memcpy                         
00004349  temperature_sensor_init        
0000438d  temperature_sensor_reading     
000043df  ldr_sensor_init                
00004423  ldr_sensor_reading             
00004469  button_init                    
00004483  button_get_state               
000044f1  _delay_ms                      
00004533  _delay_us                      
0000456d  __aeabi_memclr                 
0000456d  __aeabi_memclr4                
0000456d  __aeabi_memclr8                
0000456f  __aeabi_memset                 
0000456f  __aeabi_memset4                
0000456f  __aeabi_memset8                
00004575  memset                         
000045e9  __TI_auto_init                 
00004659  __TI_decompress_lzss           
000046c1  main                           
00004729  _c_int00                       
0000477d  C$$EXIT                        
00004781  abort                          
00004789  exit                           
000047d1  ltoa                           
00004825  copy_in                        
00004871  __aeabi_d2uiz                  
000048b5  __aeabi_f2d                    
000048ed  __aeabi_ui2d                   
0000490d  _args_main                     
00004925  _register_unlock               
0000492b  _register_lock                 
00004933  _nop                           
00004939  __TI_decompress_none           
00004947  __TI_zero_init                 
00004953  ResetISR                       
0000495f  _system_pre_init               
000049b4  __TI_Handler_Table_Base        
000049c0  __TI_Handler_Table_Limit       
000049c8  __TI_CINIT_Base                
000049d8  __TI_CINIT_Limit               
20000000  __stack                        
20000200  __STACK_END                    
20000200  __STACK_TOP                    
20000200  tasks                          
20000248  LDR1_Read                      
2000024a  LDR2_Read                      
2000024c  LDR_Difference                 
2000024e  obstacle_distance              
20000250  start_flag                     
20000251  stop_flag                      
20000252  temperature_value              
20000258  __TI_cleanup_ptr               
2000025c  __TI_dtors_ptr                 
20000260  __TI_enable_exit_profile_output
20000264  _lock                          
20000268  _unlock                        
2000026c  start_switch                   
20000274  stop_switch                    
20000284  LDR1                           
2000028b  LDR2                           
20000292  TEMP_SENSOR                    
20000299  LEFT_SIDE                      
2000029e  RIGHT_SIDE                     
200002a4  main_func_sp                   
200002ac  Ultrasonic_Sensor              
200002b0  tasks_time                     
ffffffff  __TI_pprof_out_hndl            
ffffffff  __TI_prof_data_size            
ffffffff  __TI_prof_data_start           
ffffffff  __binit__                      
ffffffff  __c_args__                     
ffffffff  binit                          
UNDEFED   SHT$$INIT_ARRAY$$Base          
UNDEFED   SHT$$INIT_ARRAY$$Limit         

[151 symbols]
